Script started on 2025-09-03 20:08:21-06:00 [TERM="xterm-256color" TTY="/dev/pts/0" COLUMNS="80" LINES="24"]
=====``````````````````````````````````````````````````````````retval=0`````````

[?2004h <=> conda environment, blank means none activated
 <=> git branch, blank means not in a git repo]0;~
bballdave025@MY-MACHINE ~
$ tput cols
[?2004l80
=====``````````````````````````````````````````````````````````retval=0`````````

[?2004h <=> conda environment, blank means none activated
 <=> git branch, blank means not in a git repo]0;~
bballdave025@MY-MACHINE ~
$ checksituation
[?2004lWed Sep  3 08:08:29 PM MDT 2025
1756951709
1756951709_2025-09-03T200829-0600
=====``````````````````````````````````````````````````````````retval=0`````````

[?2004h <=> conda environment, blank means none activated
 <=> git branch, blank means not in a git repo]0;~
bballdave025@MY-MACHINE ~
$ cat >/dev/null <<'EOF'
[?2004l[?2004h>       HERE COMES THE SELF-TEST FOR .portable.bashrc
[?2004l[?2004h> EOF
[?2004l=====``````````````````````````````````````````````````````````retval=0`````````

[?2004h <=> conda environment, blank means none activated
 <=> git branch, blank means not in a git repo]0;~
bballdave025@MY-MACHINE ~
$ verify_portable_bashrc
[?2004l[verify] rc: /home/bballdave025/vezde/.portable.bashrc
[verify] syntax: OK
[verify] isolated source: OK
  OK alias/runner: rmi
  OK alias/runner: cpi
  OK alias/runner: mvi
  OK alias/runner: lessraw
  OK alias/runner: whence
  OK alias/runner: grepcolor
  OK alias/runner: cgrep
  OK alias/runner: grepc
  OK alias/runner: ll
  OK alias/runner: la
  OK alias/runner: l
  OK alias/runner: dir
  OK alias/runner: vdir
  OK alias/runner: lsc
  OK alias/runner: lscolor
  OK alias/runner: lh
  OK alias/runner: ls_name_and_size
  OK alias/runner: runlog
  OK alias/runner: catwithcontrol
  OK alias/runner: atree
  OK alias/runner: checksituation
  OK alias/runner: dbldate
  OK alias/runner: tripledate
  OK alias/runner: ttdate
  OK function: git_branch_func
  OK function: git_trace_cmd_func
  OK function: get2byteandunicode4char
  OK function: definewithheredoc
  OK function: cd_func
  (opt) present: forcleaningterminallog
  (opt) present: git_branch
  (opt) present: gittracecmd
  (opt) present: gittracecommand
  (opt) present: get2bu4char
  (opt) present: get24char
  (opt) present: dhd
  (opt) present: help_dhd
  (opt) present: eg
  (opt) present: fg
  (opt) present: egcolor
  (opt) present: fgcolor
  (opt) present: ugrep
  (opt) present: bgrep
  (opt) present: gcolor
  (opt) present: diffcolor
  (opt) present: bdiff
  (opt) present: ipcolor
[verify] presence: OK
  sample: catwithcontrol OK
  sample: atree OK
[verify] ALL OK
=====``````````````````````````````````````````````````````````retval=0`````````

[?2004h <=> conda environment, blank means none activated
 <=> git branch, blank means not in a git repo]0;~
bballdave025@MY-MACHINE ~
$ conda activate vanilla_cnnn^C[?2004l[?2004h[?2004l
=====``````````````````````````````````````````````````````````retval=0d00130```

[?2004h <=> conda environment, blank means none activated
 <=> git branch, blank means not in a git repo]0;~
bballdave025@MY-MACHINE ~
$ conda activate vanilla_cnn
[?2004l=====``````````````````````````````````````````````````````````retval=0`````````

[?2004h(vanilla_cnn)  <=> conda environment, blank means none activated
 <=> git branch, blank means not in a git repo]0;~
bballdave025@MY-MACHINE ~
$ cd /~/my_repos_dwb/ftw#  Thnkinking that I'll copy in our beautiful .portable.bashrc, since it's was
[?2004l=====``````````````````````````````````````````````````````````retval=0`````````

[?2004h(vanilla_cnn)  <=> conda environment, blank means none activated
 <=> git branch, blank means not in a git repo]0;~
bballdave025@MY-MACHINE ~
$ # + created during this project in this github repo. our Our commit and push
[?2004l=====``````````````````````````````````````````````````````````retval=0`````````

[?2004h(vanilla_cnn)  <=> conda environment, blank means none activated
 <=> git branch, blank means not in a git repo]0;~
bballdave025@MY-MACHINE ~
$ #+ wiill make sure it gets saved.
[?2004l=====``````````````````````````````````````````````````````````retval=0`````````

[?2004h(vanilla_cnn)  <=> conda environment, blank means none activated
 <=> git branch, blank means not in a git repo]0;~
bballdave025@MY-MACHINE ~
$ cpcd my_repos_dwb/fhtw-paper-code-prep/
[?2004l=====``````````````````````````````````````````````````````````retval=0`````````

[?2004h(vanilla_cnn)  <=> conda environment, blank means none activated
[cifar10-vanilla-cnn] <=> git branch, blank means not in a git repo]0;~/my_repos_dwb/fhtw-paper-code-prep
bballdave025@MY-MACHINE ~/my_repos_dwb/fhtw-paper-code-prep
$ cp ../vezd../vezde/.portable.bashrc .
[?2004l=====``````````````````````````````````````````````````````````retval=0`````````

[?2004h(vanilla_cnn)  <=> conda environment, blank means none activated
[cifar10-vanilla-cnn] <=> git branch, blank means not in a git repo]0;~/my_repos_dwb/fhtw-paper-code-prep
bballdave025@MY-MACHINE ~/my_repos_dwb/fhtw-paper-code-prep
$ #  That Prompt is working just right, too., with the conda/git stuff.
[?2004l=====``````````````````````````````````````````````````````````retval=0`````````

[?2004h(vanilla_cnn)  <=> conda environment, blank means none activated
[cifar10-vanilla-cnn] <=> git branch, blank means not in a git repo]0;~/my_repos_dwb/fhtw-paper-code-prep
bballdave025@MY-MACHINE ~/my_repos_dwb/fhtw-paper-code-prep
$ git status
[?2004lOn branch cifar10-vanilla-cnn
Your branch is up to date with 'origin/cifar10-vanilla-cnn'.

Untracked files:
  (use "git add <file>..." to include in what will be committed)
	.portable.bashrc

nothing added to commit but untracked files present (use "git add" to track)
=====``````````````````````````````````````````````````````````retval=0`````````

[?2004h(vanilla_cnn)  <=> conda environment, blank means none activated
[cifar10-vanilla-cnn] <=> git branch, blank means not in a git repo]0;~/my_repos_dwb/fhtw-paper-code-prep
bballdave025@MY-MACHINE ~/my_repos_dwb/fhtw-paper-code-prep
$ ROOTROOT="$PWD/test_project_bash"; TAG="p_01"; TAGDIR="$ROOT/$TAG"; export TAGDIRROOT="$PWD/test_project_bash"; TAG="p_01"; TAGDIR="$ROOT/$TAG"; export TAGDIR
[?2004l=====``````````````````````````````````````````````````````````retval=0`````````

[?2004h(vanilla_cnn)  <=> conda environment, blank means none activated
[cifar10-vanilla-cnn] <=> git branch, blank means not in a git repo]0;~/my_repos_dwb/fhtw-paper-code-prep
bballdave025@MY-MACHINE ~/my_repos_dwb/fhtw-paper-code-prep
$ # s sCAScaffoliding and  - the directory structure and openable notebook stubs
[?2004l=====``````````````````````````````````````````````````````````retval=0`````````

[?2004h(vanilla_cnn)  <=> conda environment, blank means none activated
[cifar10-vanilla-cnn] <=> git branch, blank means not in a git repo]0;~/my_repos_dwb/fhtw-paper-code-prep
bballdave025@MY-MACHINE ~/my_repos_dwb/fhtw-paper-code-prep
$ #+ for a new experiment.
[?2004l=====``````````````````````````````````````````````````````````retval=0`````````

[?2004h(vanilla_cnn)  <=> conda environment, blank means none activated
[cifar10-vanilla-cnn] <=> git branch, blank means not in a git repo]0;~/my_repos_dwb/fhtw-paper-code-prep
bballdave025@MY-MACHINE ~/my_repos_dwb/fhtw-paper-code-prep
$ #  Let's do the EOL hygiene. Always a good idea, especially when we're
[?2004l=====``````````````````````````````````````````````````````````retval=0`````````

[?2004h(vanilla_cnn)  <=> conda environment, blank means none activated
[cifar10-vanilla-cnn] <=> git branch, blank means not in a git repo]0;~/my_repos_dwb/fhtw-paper-code-prep
bballdave025@MY-MACHINE ~/my_repos_dwb/fhtw-paper-code-prep
$ #+ going to commit.
[?2004l=====``````````````````````````````````````````````````````````retval=0`````````

[?2004h(vanilla_cnn)  <=> conda environment, blank means none activated
[cifar10-vanilla-cnn] <=> git branch, blank means not in a git repo]0;~/my_repos_dwb/fhtw-paper-code-prep
bballdave025@MY-MACHINE ~/my_repos_dwb/fhtw-paper-code-prep
$ WITH_NB_STUBS=1 ./structure.sh "$ROOT" "$TAG"WITH_NB_STUBS=1 ./structure.sh "$ROOT" "$TAG"
[?2004lbash: ./structure.sh: Permission denied
=====``````````````````````````````````````````````````````````retval=0d00126```

[?2004h(vanilla_cnn)  <=> conda environment, blank means none activated
[cifar10-vanilla-cnn] <=> git branch, blank means not in a git repo]0;~/my_repos_dwb/fhtw-paper-code-prep
bballdave025@MY-MACHINE ~/my_repos_dwb/fhtw-paper-code-prep
$ cj,phmod a+x structure.sh 
[?2004l=====``````````````````````````````````````````````````````````retval=0`````````

[?2004h(vanilla_cnn)  <=> conda environment, blank means none activated
[cifar10-vanilla-cnn] <=> git branch, blank means not in a git repo]0;~/my_repos_dwb/fhtw-paper-code-prep
bballdave025@MY-MACHINE ~/my_repos_dwb/fhtw-paper-code-prep
$ chmod a+x structure.sh WITH_NB_STUBS=1 ./structure.sh "$ROOT" "$TAG"
[?2004l./structure.sh: line 432: syntax error near unexpected token `done'
=====``````````````````````````````````````````````````````````retval=0d00002```

[?2004h(vanilla_cnn)  <=> conda environment, blank means none activated
[cifar10-vanilla-cnn] <=> git branch, blank means not in a git repo]0;~/my_repos_dwb/fhtw-paper-code-prep
bballdave025@MY-MACHINE ~/my_repos_dwb/fhtw-paper-code-prep
$ #  Okay, do you wcat >/dev/null <<'EOF'
[?2004l[?2004h>   We got pretty far. I really like the red and green retval stuff.
[?2004l[?2004h>   
[?2004l[?2004h>   Let me know if you'd like me to send the whole `structure.sh` file or
[?2004l[?2004h>   just a subset of lines. I'll be looking at the file, as well.
[?2004l[?2004h> 
[?2004l[?2004h> EOF
[?2004l=====``````````````````````````````````````````````````````````retval=0`````````

[?2004h(vanilla_cnn)  <=> conda environment, blank means none activated
[cifar10-vanilla-cnn] <=> git branch, blank means not in a git repo]0;~/my_repos_dwb/fhtw-paper-code-prep
bballdave025@MY-MACHINE ~/my_repos_dwb/fhtw-paper-code-prep
$ ex[prt $[S[RPRINT_START_TS=$(dat +$%s)e +%s)[1@o
[?2004lbash: export: `=1756952709': not a valid identifier
=====``````````````````````````````````````````````````````````retval=0d00001```

[?2004h(vanilla_cnn)  <=> conda environment, blank means none activated
[cifar10-vanilla-cnn] <=> git branch, blank means not in a git repo]0;~/my_repos_dwb/fhtw-paper-code-prep
bballdave025@MY-MACHINE ~/my_repos_dwb/fhtw-paper-code-prep
$ export $SPRINT_START_TS=$(date +%s)
[?2004l=====``````````````````````````````````````````````````````````retval=0`````````

[?2004h(vanilla_cnn)  <=> conda environment, blank means none activated
[cifar10-vanilla-cnn] <=> git branch, blank means not in a git repo]0;~/my_repos_dwb/fhtw-paper-code-prep
bballdave025@MY-MACHINE ~/my_repos_dwb/fhtw-paper-code-prep
$ elapsed() { printf "%s\n" "$(( $(date +%s) - SPRINT_START_TS ))s elapsed"; }elapsed() { printf "%s\n" "$(( $(date +%s) - SPRINT_START_TS ))s elapsed"; }
[?2004l=====``````````````````````````````````````````````````````````retval=0`````````

[?2004h(vanilla_cnn)  <=> conda environment, blank means none activated
[cifar10-vanilla-cnn] <=> git branch, blank means not in a git repo]0;~/my_repos_dwb/fhtw-paper-code-prep
bballdave025@MY-MACHINE ~/my_repos_dwb/fhtw-paper-code-prep
$ ash -n ./structure.sh || echo "[syntax] bash flagged a problem"ash -n ./structure.sh || echo "[syntax] bash flagged a problem"[1@b
[?2004l./structure.sh: line 432: syntax error near unexpected token `done'
./structure.sh: line 432: `done'
[syntax] bash flagged a problem
=====``````````````````````````````````````````````````````````retval=0`````````

[?2004h(vanilla_cnn)  <=> conda environment, blank means none activated
[cifar10-vanilla-cnn] <=> git branch, blank means not in a git repo]0;~/my_repos_dwb/fhtw-paper-code-prep
bballdave025@MY-MACHINE ~/my_repos_dwb/fhtw-paper-code-prep
$ file -b ./structure.shfile -b ./structure.sh
[?2004lBourne-Again shell script, ASCII text executable
=====``````````````````````````````````````````````````````````retval=0`````````

[?2004h(vanilla_cnn)  <=> conda environment, blank means none activated
[cifar10-vanilla-cnn] <=> git branch, blank means not in a git repo]0;~/my_repos_dwb/fhtw-paper-code-prep
bballdave025@MY-MACHINE ~/my_repos_dwb/fhtw-paper-code-prep
$ bash -n ./structure.sh && echo "[syntax] OK after EOL fix" || echo "[syntax] still failing"bash -n ./structure.sh && echo "[syntax] OK after EOL fix" || echo "[syntax] still failing"
[?2004l./structure.sh: line 432: syntax error near unexpected token `done'
./structure.sh: line 432: `done'
[syntax] still failing
=====``````````````````````````````````````````````````````````retval=0`````````

[?2004h(vanilla_cnn)  <=> conda environment, blank means none activated
[cifar10-vanilla-cnn] <=> git branch, blank means not in a git repo]0;~/my_repos_dwb/fhtw-paper-code-prep
bballdave025@MY-MACHINE ~/my_repos_dwb/fhtw-paper-code-prep
$ nl -ba ./structure.sh | sed -n '420,450p' | cat -Anl -ba ./structure.sh | sed -n '420,450p' | cat -A
[?2004l   420^I  echo "  $gitattr_path"$
   421^I  echo "  provided for tag, '$tag'. This will allow everying"$
   422^I  echo "  to be stress-free platform-agnostic. Only used"$
   423^I  echo "  when things are done in a project where source"$
   424^I  echo "  control is handled via Git, but it doesn't hurt to"$
   425^I  echo "  have this in here."$
   426^I  echo "  (Note that any files that should be excluded/ignored"$
   427^I  echo "   are covered in the Git repo's root .gitignore file.)"$
   428^I  echo$
   429^I  $
   430^I  $
   431^I  $
   432^Idone$
   433^I$
   434^Iecho "--------------------------------------------------------------------"$
   435^Iecho "Project scaffolding with tags for files and tag-named subdirectories created at $ROOT_DIR"$
   436^Iecho "--------------------------------------------------------------------"$
=====``````````````````````````````````````````````````````````retval=0`````````

[?2004h(vanilla_cnn)  <=> conda environment, blank means none activated
[cifar10-vanilla-cnn] <=> git branch, blank means not in a git repo]0;~/my_repos_dwb/fhtw-paper-code-prep
bballdave025@MY-MACHINE ~/my_repos_dwb/fhtw-paper-code-prep
$ echo "        " | xxd
[?2004l00000000: 090a                                     ..
=====``````````````````````````````````````````````````````````retval=0`````````

[?2004h(vanilla_cnn)  <=> conda environment, blank means none activated
[cifar10-vanilla-cnn] <=> git branch, blank means not in a git repo]0;~/my_repos_dwb/fhtw-paper-code-prep
bballdave025@MY-MACHINE ~/my_repos_dwb/fhtw-paper-code-prep
$ # That's a tab, I'm pretty sure.
[?2004l=====``````````````````````````````````````````````````````````retval=0`````````

[?2004h(vanilla_cnn)  <=> conda environment, blank means none activated
[cifar10-vanilla-cnn] <=> git branch, blank means not in a git repo]0;~/my_repos_dwb/fhtw-paper-code-prep
bballdave025@MY-MACHINE ~/my_repos_dwb/fhtw-paper-code-prep
$ # That's a tab, I'm pretty sure.echo "        " | xxdnl -ba ./structure.sh | sed -n '420,450p' | cat -A[1@0
[?2004l   400^I  # Create (untagged-common) .gitattributes (or append if already exists)$
   401^I  gitattr_path="$TAG_DIR/.gitattributes"$
   402^I  if [ ! -f "$norm_eol_path" ]; then$
   403^I    cat << 'EOGitAttrF' >> "$gitattr_path"$
   404^I$
   405^I#  .gitattributes addition (or creation) for ease in using$
   406^I#+ platform-specific files (making it platform-agnostic)$
   407^I*.sh              text eol=lf$
   408^I*.ps1             text eol=crlf$
   409^I*.cmd             text eol=crlf$
   410^I*.py              text eol=lf$
   411^I*.md              text eol=lf$
   412^I*.ipynb           text eol=lf$
   413^I.gitattributes    text eol=lf$
   414^I$
   415^IEOGitAttrF$
   416^I$
   417^I  # Info on the .gitattributes additions (creation)$
   418^I  echo "  ---------------------------------------------------------"$
   419^I  echo "  Helper to ensure correct EOL on OS-specific files,"$
   420^I  echo "  $gitattr_path"$
   421^I  echo "  provided for tag, '$tag'. This will allow everying"$
   422^I  echo "  to be stress-free platform-agnostic. Only used"$
   423^I  echo "  when things are done in a project where source"$
   424^I  echo "  control is handled via Git, but it doesn't hurt to"$
   425^I  echo "  have this in here."$
   426^I  echo "  (Note that any files that should be excluded/ignored"$
   427^I  echo "   are covered in the Git repo's root .gitignore file.)"$
   428^I  echo$
   429^I  $
   430^I  $
   431^I  $
   432^Idone$
   433^I$
   434^Iecho "--------------------------------------------------------------------"$
   435^Iecho "Project scaffolding with tags for files and tag-named subdirectories created at $ROOT_DIR"$
   436^Iecho "--------------------------------------------------------------------"$
=====``````````````````````````````````````````````````````````retval=0`````````

[?2004h(vanilla_cnn)  <=> conda environment, blank means none activated
[cifar10-vanilla-cnn] <=> git branch, blank means not in a git repo]0;~/my_repos_dwb/fhtw-paper-code-prep
bballdave025@MY-MACHINE ~/my_repos_dwb/fhtw-paper-code-prep
$ #  I'm pretty sure we're that `done' is spupposed to be after a very long
[?2004l=====``````````````````````````````````````````````````````````retval=0`````````

[?2004h(vanilla_cnn)  <=> conda environment, blank means none activated
[cifar10-vanilla-cnn] <=> git branch, blank means not in a git repo]0;~/my_repos_dwb/fhtw-paper-code-prep
bballdave025@MY-MACHINE ~/my_repos_dwb/fhtw-paper-code-prep
$ bcat >/dev/null <<'EOF'
[?2004l[?2004h>   I'm pretty sure that `done`' is supposed to be after a very long
[?2004l[?2004h>   for tag in tags   loop. Moving on to the next commands.
[?2004l[?2004h>   Goodness, so many nice tricks that are  bash  only, balancing without
[?2004l[?2004h>   needing something Python or Perl.
[?2004l[?2004h> EOF
[?2004l=====``````````````````````````````````````````````````````````retval=0`````````

[?2004h(vanilla_cnn)  <=> conda environment, blank means none activated
[cifar10-vanilla-cnn] <=> git branch, blank means not in a git repo]0;~/my_repos_dwb/fhtw-paper-code-prep
bballdave025@MY-MACHINE ~/my_repos_dwb/fhtw-paper-code-prep
$ printf "do vs done: ";  (grep -nE '\b(do|done)\b'   -n ./structure.sh | wc -l; grep -n '\bdone\b' ./structure.sh | wc -l) | paste -sd' ' -printf "do vs done: ";  (grep -nE '\b(do|done)\b'   -n ./structure.sh | wc -l; grep -n '\bdone\b' ./structure.sh | wc -l) | paste -sd' ' -
[?2004ldo vs done: 20 9
=====``````````````````````````````````````````````````````````retval=0`````````

[?2004h(vanilla_cnn)  <=> conda environment, blank means none activated
[cifar10-vanilla-cnn] <=> git branch, blank means not in a git repo]0;~/my_repos_dwb/fhtw-paper-code-prep
bballdave025@MY-MACHINE ~/my_repos_dwb/fhtw-paper-code-prep
$ cat >/dev/null <<'EOF'
[?2004l[?2004h>   I'm not sure what that means, so I'll have to aks sk you. If there are 20
[?2004l[?2004h>   instances of `do' vs 9 instances of `done', we have bigger problems than
[?2004l[?2004h>   I thought ; ) I've never seen a `grep` with two -n flags. If you don't
[?2004l[?2004h>   mined, I'll wait for your explanation.
[?2004l[?2004h> EOF
[?2004l=====``````````````````````````````````````````````````````````retval=0`````````

[?2004h(vanilla_cnn)  <=> conda environment, blank means none activated
[cifar10-vanilla-cnn] <=> git branch, blank means not in a git repo]0;~/my_repos_dwb/fhtw-paper-code-prep
bballdave025@MY-MACHINE ~/my_repos_dwb/fhtw-paper-code-prep
$ printf "if vs fi:   ";  (grep -nE '(^|\s)if(\s|\[)' ./structure.sh | wc -l; grep -n '\bfi\b' ./structure.sh | wc -l) | paste -sd' ' -printf "if vs fi:   ";  (grep -nE '(^|\s)if(\s|\[)' ./structure.sh | wc -l; grep -n '\bfi\b' ./structure.sh | wc -l) | paste -sd' ' -
[?2004lif vs fi:   25 4
=====``````````````````````````````````````````````````````````retval=0`````````

[?2004h(vanilla_cnn)  <=> conda environment, blank means none activated
[cifar10-vanilla-cnn] <=> git branch, blank means not in a git repo]0;~/my_repos_dwb/fhtw-paper-code-prep
bballdave025@MY-MACHINE ~/my_repos_dwb/fhtw-paper-code-prep
$ printf "case/esac:  ";  (grep -n '\bcase\b'         ./structure.sh | wc -l; grep -n '\besac\b' ./structure.sh | wc -l) | paste -sd' ' -printf "case/esac:  ";  (grep -n '\bcase\b'         ./structure.sh | wc -l; grep -n '\besac\b' ./structure.sh | wc -l) | paste -sd' ' -
[?2004lcase/esac:  2 0
=====``````````````````````````````````````````````````````````retval=0`````````

[?2004h(vanilla_cnn)  <=> conda environment, blank means none activated
[cifar10-vanilla-cnn] <=> git branch, blank means not in a git repo]0;~/my_repos_dwb/fhtw-paper-code-prep
bballdave025@MY-MACHINE ~/my_repos_dwb/fhtw-paper-code-prep
$ awk 'NR>=400 && NR<=470 {if($0~/(for|while|until|select|if|then|elif|else|fi|do|done|case|esac)/)print NR": "$0}' ./structure.shawk 'NR>=400 && NR<=470 {if($0~/(for|while|until|select|if|then|elif|else|fi|do|done|case|esac)/)print NR": "$0}' ./structure.sh
[?2004l400:   # Create (untagged-common) .gitattributes (or append if already exists)
402:   if [ ! -f "$norm_eol_path" ]; then
405: #  .gitattributes addition (or creation) for ease in using
406: #+ platform-specific files (making it platform-agnostic)
419:   echo "  Helper to ensure correct EOL on OS-specific files,"
421:   echo "  provided for tag, '$tag'. This will allow everying"
422:   echo "  to be stress-free platform-agnostic. Only used"
423:   echo "  when things are done in a project where source"
424:   echo "  control is handled via Git, but it doesn't hurt to"
426:   echo "  (Note that any files that should be excluded/ignored"
427:   echo "   are covered in the Git repo's root .gitignore file.)"
432: done
435: echo "Project scaffolding with tags for files and tag-named subdirectories created at $ROOT_DIR"
=====``````````````````````````````````````````````````````````retval=0`````````

[?2004h(vanilla_cnn)  <=> conda environment, blank means none activated
[cifar10-vanilla-cnn] <=> git branch, blank means not in a git repo]0;~/my_repos_dwb/fhtw-paper-code-prep
bballdave025@MY-MACHINE ~/my_repos_dwb/fhtw-paper-code-prep
$ cat >/dev/null <<'EOF'
[?2004l[?2004h>   I'll send what we've got so far. I'm going to run that awk ocommand
[?2004l[?2004h>   from 300 to 470 to see what it turns up.
[?2004l[?2004h>   I'm excited to learn exactly what those balancing lines do and what
[?2004l[?2004h>   the outputs mean.
[?2004l[?2004h> OFEOF
[?2004l=====``````````````````````````````````````````````````````````retval=0`````````

[?2004h(vanilla_cnn)  <=> conda environment, blank means none activated
[cifar10-vanilla-cnn] <=> git branch, blank means not in a git repo]0;~/my_repos_dwb/fhtw-paper-code-prep
bballdave025@MY-MACHINE ~/my_repos_dwb/fhtw-paper-code-prep
$ elapsed
[?2004l840s elapsed
=====``````````````````````````````````````````````````````````retval=0`````````

[?2004h(vanilla_cnn)  <=> conda environment, blank means none activated
[cifar10-vanilla-cnn] <=> git branch, blank means not in a git repo]0;~/my_repos_dwb/fhtw-paper-code-prep
bballdave025@MY-MACHINE ~/my_repos_dwb/fhtw-paper-code-prep
$ echo "840/60/" | bc
[?2004l14
=====``````````````````````````````````````````````````````````retval=0`````````

[?2004h(vanilla_cnn)  <=> conda environment, blank means none activated
[cifar10-vanilla-cnn] <=> git branch, blank means not in a git repo]0;~/my_repos_dwb/fhtw-paper-code-prep
bballdave025@MY-MACHINE ~/my_repos_dwb/fhtw-paper-code-prep
$ echo "840/60" | bclapsedcat >/dev/null <<'EOF'
  I'll send what we've got so far. I'm going to run that awk command
  from 300 to 470 to see what it turns up.
  I'm excited to learn exactly what those balancing lines do and what
  the outputs mean.
EOF
awk 'NR>=400 && NR<=470 {if($0~/(for|while|until|select|if|then|elif|else|fi|do|done|case|esac)/)print NR": "$0}' ./structure.sh




00 && NR<=470 {if($0~/(for|while|until|select|if|then|elif|else|fi|do|300 && NR<=470 {if($0~/(for|while|until|select|if|then|elif|else|fi|do[1@|

[?2004l301:     if not part:
305:     if not ext.startswith("."):
312:   Walk root and apply per-extension modes. Returns count of modified files.
315:   for p in root.rglob("*"):
316:     if not p.is_file():
318:     mode = extmap.get(p.suffix.lower())
319:     if not mode:
321:     if normalize_file(p, mode):
331:   g.add_argument("--to-lf",   action="store_true", help="Force LF on listed files")
332:   g.add_argument("--to-crlf", action="store_true", help="Force CRLF on listed files")
335:   ap.add_argument("files", nargs="*", type=Path, help="Files to normalize (with --to-*)")
338:   # Mode B: explicit files
339:   if args.to_lf or args.to_crlf:
340:     mode = "lf" if args.to_lf else "crlf"
342:     for f in args.files:
343:       if normalize_file(f, mode):
345:     print(f"Changed {changed} files.")
349:   if args.root and args.map:
352:     print(f"Changed {changed} files under {args.root}.")
355:   ap.error("Provide either (--to-lf|--to-crlf files...) or --root DIR --map ext=mode,...")
357: if __name__ == "__main__":
359:   Gets called if the module is called from command prompt, via
369:   #+ return value of main to, say, retval, and then returning retval.
375:   fi
381:   echo "  provided for tag, '$tag'. IT WILL BE NECESSARY TO USE IT!"
384:   echo "  allow the files to run from your repo, whether on your local"
397:   echo "  \"$TAG_DIR\" in the Windows platform setup."
400:   # Create (untagged-common) .gitattributes (or append if already exists)
402:   if [ ! -f "$norm_eol_path" ]; then
405: #  .gitattributes addition (or creation) for ease in using
406: #+ platform-specific files (making it platform-agnostic)
419:   echo "  Helper to ensure correct EOL on OS-specific files,"
421:   echo "  provided for tag, '$tag'. This will allow everying"
422:   echo "  to be stress-free platform-agnostic. Only used"
423:   echo "  when things are done in a project where source"
424:   echo "  control is handled via Git, but it doesn't hurt to"
426:   echo "  (Note that any files that should be excluded/ignored"
427:   echo "   are covered in the Git repo's root .gitignore file.)"
432: done
435: echo "Project scaffolding with tags for files and tag-named subdirectories created at $ROOT_DIR"
=====``````````````````````````````````````````````````````````retval=0`````````

[?2004h(vanilla_cnn)  <=> conda environment, blank means none activated
[cifar10-vanilla-cnn] <=> git branch, blank means not in a git repo]0;~/my_repos_dwb/fhtw-paper-code-prep
bballdave025@MY-MACHINE ~/my_repos_dwb/fhtw-paper-code-prep
$ 
[?2004l=====``````````````````````````````````````````````````````````retval=0`````````

[?2004h(vanilla_cnn)  <=> conda environment, blank means none activated
[cifar10-vanilla-cnn] <=> git branch, blank means not in a git repo]0;~/my_repos_dwb/fhtw-paper-code-prep
bballdave025@MY-MACHINE ~/my_repos_dwb/fhtw-paper-code-prep
$ 
[?2004l=====``````````````````````````````````````````````````````````retval=0`````````

[?2004h(vanilla_cnn)  <=> conda environment, blank means none activated
[cifar10-vanilla-cnn] <=> git branch, blank means not in a git repo]0;~/my_repos_dwb/fhtw-paper-code-prep
bballdave025@MY-MACHINE ~/my_repos_dwb/fhtw-paper-code-prep
$ sed -i '431,434{/^[[:space:]]*done[[:space:]]*$/i\  fi}' ./structure.shsed -i '431,434{/^[[:space:]]*done[[:space:]]*$/i\  fi}' ./structure.sh
[?2004lsed: -e expression #1, char 0: unmatched `{'
=====``````````````````````````````````````````````````````````retval=0d00001```

[?2004h(vanilla_cnn)  <=> conda environment, blank means none activated
[cifar10-vanilla-cnn] <=> git branch, blank means not in a git repo]0;~/my_repos_dwb/fhtw-paper-code-prep
bballdave025@MY-MACHINE ~/my_repos_dwb/fhtw-paper-code-prep
$ cp -v ./structure.sh ./structure.sh.bak
[?2004l'./structure.sh' -> './structure.sh.bak'
=====``````````````````````````````````````````````````````````retval=0`````````

[?2004h(vanilla_cnn)  <=> conda environment, blank means none activated
[cifar10-vanilla-cnn] <=> git branch, blank means not in a git repo]0;~/my_repos_dwb/fhtw-paper-code-prep
bballdave025@MY-MACHINE ~/my_repos_dwb/fhtw-paper-code-prep
$ find . -mindepth 1 -maxdepth 1 -type d
[?2004l./general_lab_notebooks_-_other_examples
./img
./.git
./dataset_preparation_examples
=====``````````````````````````````````````````````````````````retval=0`````````

[?2004h(vanilla_cnn)  <=> conda environment, blank means none activated
[cifar10-vanilla-cnn] <=> git branch, blank means not in a git repo]0;~/my_repos_dwb/fhtw-paper-code-prep
bballdave025@MY-MACHINE ~/my_repos_dwb/fhtw-paper-code-prep
$ #  Good, we didn't create any directories.
[?2004l=====``````````````````````````````````````````````````````````retval=0`````````

[?2004h(vanilla_cnn)  <=> conda environment, blank means none activated
[cifar10-vanilla-cnn] <=> git branch, blank means not in a git repo]0;~/my_repos_dwb/fhtw-paper-code-prep
bballdave025@MY-MACHINE ~/my_repos_dwb/fhtw-paper-code-prep
$ sed -i 's/\[ ! -f "\$norm_eol_path" \]/[ ! -f "\$gitattr_path" ]/' ./structure.shsed -i 's/\[ ! -f "\$norm_eol_path" \]/[ ! -f "\$gitattr_path" ]/' ./structure.sh
[?2004l=====``````````````````````````````````````````````````````````retval=0`````````

[?2004h(vanilla_cnn)  <=> conda environment, blank means none activated
[cifar10-vanilla-cnn] <=> git branch, blank means not in a git repo]0;~/my_repos_dwb/fhtw-paper-code-prep
bballdave025@MY-MACHINE ~/my_repos_dwb/fhtw-paper-code-prep
$ sed -i '/EOGitAttrF/,/^[[:space:]]*done[[:space:]]*$/{
  /^[[:space:]]*done[[:space:]]*$/i\
  fi
}' ./structure.shsed -i '/EOGitAttrF/,/^[[:space:]]*done[[:space:]]*$/{
  /^[[:space:]]*done[[:space:]]*$/i\
  fi
}' ./structure.sh
[?2004l=====``````````````````````````````````````````````````````````retval=0`````````

[?2004h(vanilla_cnn)  <=> conda environment, blank means none activated
[cifar10-vanilla-cnn] <=> git branch, blank means not in a git repo]0;~/my_repos_dwb/fhtw-paper-code-prep
bballdave025@MY-MACHINE ~/my_repos_dwb/fhtw-paper-code-prep
$ bash -n ./structure.sh && echo "[syntax] OK" || echo "[syntax] still failing"bash -n ./structure.sh && echo "[syntax] OK" || echo "[syntax] still failing"
[?2004l[syntax] OK
=====``````````````````````````````````````````````````````````retval=0`````````

[?2004h(vanilla_cnn)  <=> conda environment, blank means none activated
[cifar10-vanilla-cnn] <=> git branch, blank means not in a git repo]0;~/my_repos_dwb/fhtw-paper-code-prep
bballdave025@MY-MACHINE ~/my_repos_dwb/fhtw-paper-code-prep
$ WITH_NB_STUBS=1 ./structure.sh "$ROOT" "$TAG"WITH_NB_STUBS=1 ./structure.sh "$ROOT" "$TAG"WITH_NB_STUBS=1 ./structure.sh "$ROOT" "$TAG"WITH_NB_STUBS=1 ./structure.sh "$ROOT" "$TAG

[?2004l./structure.sh: line 197: UNTAGGED_COMMON: unbound variable
=====``````````````````````````````````````````````````````````retval=0d00001```

[?2004h(vanilla_cnn)  <=> conda environment, blank means none activated
[cifar10-vanilla-cnn] <=> git branch, blank means not in a git repo]0;~/my_repos_dwb/fhtw-paper-code-prep
bballdave025@MY-MACHINE ~/my_repos_dwb/fhtw-paper-code-prep
$ Oh, #  I was thinking that I just need eed to change a variable. Earlier, I
[?2004l=====``````````````````````````````````````````````````````````retval=0d00001```

[?2004h(vanilla_cnn)  <=> conda environment, blank means none activated
[cifar10-vanilla-cnn] <=> git branch, blank means not in a git repo]0;~/my_repos_dwb/fhtw-paper-code-prep
bballdave025@MY-MACHINE ~/my_repos_dwb/fhtw-paper-code-prep
$ #_+ wrote grep -i -A4 "UNTAGGED_COMMON_[^ }] | wc -l
[?2004l[?2004h> ^C[?2004l[?2004h[?2004l
=====``````````````````````````````````````````````````````````retval=0d00130```

[?2004h(vanilla_cnn)  <=> conda environment, blank means none activated
[cifar10-vanilla-cnn] <=> git branch, blank means not in a git repo]0;~/my_repos_dwb/fhtw-paper-code-prep
bballdave025@MY-MACHINE ~/my_repos_dwb/fhtw-paper-code-prep
$ grep -i -A4 "UNTAGGED_COMMON_[^ ] | wc -l[1@"  # Make sure we don't get 1B linies
[?2004l^C
=====``````````````````````````````````````````````````````````retval=0d00130```

[?2004h(vanilla_cnn)  <=> conda environment, blank means none activated
[cifar10-vanilla-cnn] <=> git branch, blank means not in a git repo]0;~/my_repos_dwb/fhtw-paper-code-prep
bballdave025@MY-MACHINE ~/my_repos_dwb/fhtw-paper-code-prep
$ Oh, and I should give it a filename.[1@#[1@ [1@ 
[?2004l=====``````````````````````````````````````````````````````````retval=0d00130```

[?2004h(vanilla_cnn)  <=> conda environment, blank means none activated
[cifar10-vanilla-cnn] <=> git branch, blank means not in a git repo]0;~/my_repos_dwb/fhtw-paper-code-prep
bballdave025@MY-MACHINE ~/my_repos_dwb/fhtw-paper-code-prep
$ #  Oh, and I should give it a filename.grep -i -A4 "UNTAGGED_COMMON_[^ ]" | wc -l  # Make sure we don't get 1B liness| wc -l  # Make sure we don't get 1B lines t| wc -l  # Make sure we don't get 1B linesr| wc -l  # Make sure we don't get 1B linesu| wc -l  # Make sure we don't get 1B linesc| wc -l  # Make sure we don't get 1B linest| wc -l  # Make sure we don't get 1B linesu| wc -l  # Make sure we don't get 1B linesr| wc -l  # Make sure we don't get 1B linese| wc -l  # Make sure we don't get 1B lines.| wc -l  # Make sure we don't get [1@1s| wc -l  # Make sure we don't get[1@ h| wc -l  # Make sure we don't ge[1@t | wc -l  # Make sure we don't g[1@e

[?2004l5
=====``````````````````````````````````````````````````````````retval=0`````````

[?2004h(vanilla_cnn)  <=> conda environment, blank means none activated
[cifar10-vanilla-cnn] <=> git branch, blank means not in a git repo]0;~/my_repos_dwb/fhtw-paper-code-prep
bballdave025@MY-MACHINE ~/my_repos_dwb/fhtw-paper-code-prep
$ grep -i -A4 "UNTAGGED_COMMON_[^ ]" structure.sh | wc -l  # Make sure we don't get 1B lines

[?2004lUNTAGGED_COMMON_FILES=(
  "scripts/py_touch.py"
  "scripts/normalize_eol.py"
  ".gitattributes"
)
=====``````````````````````````````````````````````````````````retval=0`````````

[?2004h(vanilla_cnn)  <=> conda environment, blank means none activated
[cifar10-vanilla-cnn] <=> git branch, blank means not in a git repo]0;~/my_repos_dwb/fhtw-paper-code-prep
bballdave025@MY-MACHINE ~/my_repos_dwb/fhtw-paper-code-prep
$ grep -i -A4 "UNTAGGED_COMMON_[^ ]" structure.shdiff structure.sh.bak structure.sh
[?2004l197c197
<   for f in "${UNTAGGED_COMMON}"; do
---
>   for f in "${UNTAGGED_COMMON_FILES}"; do
236c236
<   if [ ! -f "$norm_eol_path" ]; then
---
>   if [ ! -f "$gitattr_path" ]; then
402c402
<   if [ ! -f "$norm_eol_path" ]; then
---
>   if [ ! -f "$gitattr_path" ]; then
431a432
>   fi
=====``````````````````````````````````````````````````````````retval=0d00001```

[?2004h(vanilla_cnn)  <=> conda environment, blank means none activated
[cifar10-vanilla-cnn] <=> git branch, blank means not in a git repo]0;~/my_repos_dwb/fhtw-paper-code-prep
bballdave025@MY-MACHINE ~/my_repos_dwb/fhtw-paper-code-prep
$ #cat >/dev/null <<'EOF'
[?2004l[?2004h>   Why do I get a return value of 1 while running diff?
[?2004l[?2004h> EOF
[?2004l=====``````````````````````````````````````````````````````````retval=0`````````

[?2004h(vanilla_cnn)  <=> conda environment, blank means none activated
[cifar10-vanilla-cnn] <=> git branch, blank means not in a git repo]0;~/my_repos_dwb/fhtw-paper-code-prep
bballdave025@MY-MACHINE ~/my_repos_dwb/fhtw-paper-code-prep
$ bash -n ./structure.sh && echo ""["]"s]"y]"n]"t]"a]"x]" "O"K" || echo ""["s"y"n"t"a"x"]" "s"t"i"l"l" "f"a"i"l"i"n"g"
[?2004l[syntax] OK
=====``````````````````````````````````````````````````````````retval=0`````````

[?2004h(vanilla_cnn)  <=> conda environment, blank means none activated
[cifar10-vanilla-cnn] <=> git branch, blank means not in a git repo]0;~/my_repos_dwb/fhtw-paper-code-prep
bballdave025@MY-MACHINE ~/my_repos_dwb/fhtw-paper-code-prep
$ bash -n ./structure.sh && echo "[syntax] OK" || echo "[syntax] still failing"cat >/dev/null <<'EOF'                                                       
  Why do I get a return value of 1 while running diff?
EOF
diff structure.sh.bak structure.sh


[13@grep -i -A4 "UNTAGGED_COMMON_[^ ]" | wc -l  # Make sure we don't get 1B lines#  Oh, and I should give it a filename.
grep -i -A4 "UNTAGGED_COMMON_[^ ]" | wc -l  # Make sure we don't get 1B lines | wc -l#  I was thinking that I just needed to change a variable. Earlier, IWITH_NB_STUBS=1 ./structure.sh "$ROOT" "$TAG"bash -n ./structure.sh && echo "[syntax] OK" || echo "[syntax] still failing"WITH_NB_STUBS=1 ./structure.sh "$ROOT" "$TAG"bash -n ./structure.sh && echo "[syntax] OK" || echo "[syntax] still failing"WITH_NB_STUBS=1 ./structure.sh "$ROOT" "$TAG"
[?2004l  ---------------------------------------------------------
  OS-agnostic helper,
  /home/bballdave025/my_repos_dwb/fhtw-paper-code-prep/test_project_bash/p_01/scripts/py_touch.py
  provided for tag, p_01', in case it be desired.
  This could prove immensely helpful for Windows users.
  On *NIX, prefer touch(1) when available; this is a fallback.

./structure.sh: line 236: gitattr_path: unbound variable
=====``````````````````````````````````````````````````````````retval=0d00001```

[?2004h(vanilla_cnn)  <=> conda environment, blank means none activated
[cifar10-vanilla-cnn] <=> git branch, blank means not in a git repo]0;~/my_repos_dwb/fhtw-paper-code-prep
bballdave025@MY-MACHINE ~/my_repos_dwb/fhtw-paper-code-prep
$ cp -v structure.sh structure.sh.bak 
[?2004l'structure.sh' -> 'structure.sh.bak'
=====``````````````````````````````````````````````````````````retval=0`````````

[?2004h(vanilla_cnn)  <=> conda environment, blank means none activated
[cifar10-vanilla-cnn] <=> git branch, blank means not in a git repo]0;~/my_repos_dwb/fhtw-paper-code-prep
bballdave025@MY-MACHINE ~/my_repos_dwb/fhtw-paper-code-prep
$ #  Using vim in another terminal.
[?2004l=====``````````````````````````````````````````````````````````retval=0`````````

[?2004h(vanilla_cnn)  <=> conda environment, blank means none activated
[cifar10-vanilla-cnn] <=> git branch, blank means not in a git repo]0;~/my_repos_dwb/fhtw-paper-code-prep
bballdave025@MY-MACHINE ~/my_repos_dwb/fhtw-paper-code-prep
$ diff structure.sh structure.sh.bak | wc -l
[?2004l39
=====``````````````````````````````````````````````````````````retval=0`````````

[?2004h(vanilla_cnn)  <=> conda environment, blank means none activated
[cifar10-vanilla-cnn] <=> git branch, blank means not in a git repo]0;~/my_repos_dwb/fhtw-paper-code-prep
bballdave025@MY-MACHINE ~/my_repos_dwb/fhtw-paper-code-prep
$ diff structure.sh structure.sh.bak | wc -l#  Using vim in another terminal.stat ~/temp
[?2004lstat: cannot statx '/home/bballdave025/temp': No such file or directory
=====``````````````````````````````````````````````````````````retval=0d00001```

[?2004h(vanilla_cnn)  <=> conda environment, blank means none activated
[cifar10-vanilla-cnn] <=> git branch, blank means not in a git repo]0;~/my_repos_dwb/fhtw-paper-code-prep
bballdave025@MY-MACHINE ~/my_repos_dwb/fhtw-paper-code-prep
$ mkdir -p ~/temp/
[?2004l=====``````````````````````````````````````````````````````````retval=0`````````

[?2004h(vanilla_cnn)  <=> conda environment, blank means none activated
[cifar10-vanilla-cnn] <=> git branch, blank means not in a git repo]0;~/my_repos_dwb/fhtw-paper-code-prep
bballdave025@MY-MACHINE ~/my_repos_dwb/fhtw-paper-code-prep
$ diff structure.sh structure.sh.bak > ~/temp/structure_diff_$t(ttdate).out
[?2004l=====``````````````````````````````````````````````````````````retval=0d00001```

[?2004h(vanilla_cnn)  <=> conda environment, blank means none activated
[cifar10-vanilla-cnn] <=> git branch, blank means not in a git repo]0;~/my_repos_dwb/fhtw-paper-code-prep
bballdave025@MY-MACHINE ~/my_repos_dwb/fhtw-paper-code-prep
$ ls -1 ~/temp/structure_diff_1756958862_2025-09-03T220742-0600.out 
[?2004l/home/bballdave025/temp/structure_diff_1756958862_2025-09-03T220742-0600.out
=====``````````````````````````````````````````````````````````retval=0`````````

[?2004h(vanilla_cnn)  <=> conda environment, blank means none activated
[cifar10-vanilla-cnn] <=> git branch, blank means not in a git repo]0;~/my_repos_dwb/fhtw-paper-code-prep
bballdave025@MY-MACHINE ~/my_repos_dwb/fhtw-paper-code-prep
$ #  We can look at theat if necessary to change things back.
[?2004l=====``````````````````````````````````````````````````````````retval=0`````````

[?2004h(vanilla_cnn)  <=> conda environment, blank means none activated
[cifar10-vanilla-cnn] <=> git branch, blank means not in a git repo]0;~/my_repos_dwb/fhtw-paper-code-prep
bballdave025@MY-MACHINE ~/my_repos_dwb/fhtw-paper-code-prep
$ #  We can look at that if necessary to change things back.ls -1 ~/temp/structure_diff_1756958862_2025-09-03T220742-0600.out diff structure.sh structure.sh.bak > ~/temp/structure_diff_$(ttdate).outmkdir -p ~/temp/stat ~/tempdiff structure.sh structure.sh.bak | wc -l#  Using vim in another terminal.cp -v structure.sh structure.sh.bak WITH_NB_STUBS=1 ./structure.sh "$ROOT" "$TAG"bash -n ./structure.sh && echo "[syntax] OK" || echo "[syntax] still failing"WITH_NB_STUBS=1 ./structure.sh "$ROOT" "$TAG"
[?2004l./structure.sh: line 26: 1: Usage:                                  ./structure.sh <ROOT_DIR> <tag1> [tag2 ...]n (optionally) run WITH_NB_STUBS=1 ./structure.sh <ROOT_DIR> <tag1> [tag2 ...]n The second creates minimal IPYNB files. Both create IPYNB idempotently i.e.n only if they do not exist.
=====``````````````````````````````````````````````````````````retval=0d00001```

[?2004h(vanilla_cnn)  <=> conda environment, blank means none activated
[cifar10-vanilla-cnn] <=> git branch, blank means not in a git repo]0;~/my_repos_dwb/fhtw-paper-code-prep
bballdave025@MY-MACHINE ~/my_repos_dwb/fhtw-paper-code-prep
$ #  I decided to look at my USAGEttdate
[?2004l1756960018_2025-09-03T222658-0600
=====``````````````````````````````````````````````````````````retval=0`````````

[?2004h(vanilla_cnn)  <=> conda environment, blank means none activated
[cifar10-vanilla-cnn] <=> git branch, blank means not in a git repo]0;~/my_repos_dwb/fhtw-paper-code-prep
bballdave025@MY-MACHINE ~/my_repos_dwb/fhtw-paper-code-prep
$ #  Checking incorrect usage and the Usage: message
[?2004l=====``````````````````````````````````````````````````````````retval=0`````````

[?2004h(vanilla_cnn)  <=> conda environment, blank means none activated
[cifar10-vanilla-cnn] <=> git branch, blank means not in a git repo]0;~/my_repos_dwb/fhtw-paper-code-prep
bballdave025@MY-MACHINE ~/my_repos_dwb/fhtw-paper-code-prep
$ WITH_NB_STUBS=1 ./structure.shWITH_NB_STUBS=1 ./structure.sh
[?2004lUsage:
  ./structure.sh <ROOT_DIR> <tag1> [tag2 ...]

Optionally:
  WITH_NB_STUBS=1 ./structure.sh <ROOT_DIR> <tag1> [tag2 ...]

Creates the scaffold; if WITH_NB_STUBS=1, also creates minimal .ipynb stubs.
Idempotent (wonâ€™t clobber existing files).
=====``````````````````````````````````````````````````````````retval=0d00001```

[?2004h(vanilla_cnn)  <=> conda environment, blank means none activated
[cifar10-vanilla-cnn] <=> git branch, blank means not in a git repo]0;~/my_repos_dwb/fhtw-paper-code-prep
bballdave025@MY-MACHINE ~/my_repos_dwb/fhtw-paper-code-prep
$ bash -n ./structure.sh && echo "[syntax] OK"bash -n ./structure.sh && echo "[syntax] OK"
[?2004l[syntax] OK
=====``````````````````````````````````````````````````````````retval=0`````````

[?2004h(vanilla_cnn)  <=> conda environment, blank means none activated
[cifar10-vanilla-cnn] <=> git branch, blank means not in a git repo]0;~/my_repos_dwb/fhtw-paper-code-prep
bballdave025@MY-MACHINE ~/my_repos_dwb/fhtw-paper-code-prep
$ WITH_NB_STUBS=1 ./structure.sh "$ROOT" "$TAG"WITH_NB_STUBS=1 ./structure.sh "$ROOT" "$TAG"
[?2004l[OK] ensured .gitattributes entries at /home/bballdave025/my_repos_dwb/fhtw-paper-code-prep/.gitattributes
  ---------------------------------------------------------
  OS-agnostic helper,
  /home/bballdave025/my_repos_dwb/fhtw-paper-code-prep/test_project_bash/p_01/scripts/py_touch.py
  provided for tag, p_01', in case it be desired.
  This could prove immensely helpful for Windows users.
  On *NIX, prefer touch(1) when available; this is a fallback.

./structure.sh: line 295: gitattr_path: unbound variable
=====``````````````````````````````````````````````````````````retval=0d00001```

[?2004h(vanilla_cnn)  <=> conda environment, blank means none activated
[cifar10-vanilla-cnn] <=> git branch, blank means not in a git repo]0;~/my_repos_dwb/fhtw-paper-code-prep
bballdave025@MY-MACHINE ~/my_repos_dwb/fhtw-paper-code-prep
$ WITH_NB_STUBS=1 ./structure.sh "$ROOT" "$TAG"
[?2004l[OK] ensured .gitattributes entries at /home/bballdave025/my_repos_dwb/fhtw-paper-code-prep/.gitattributes
  ---------------------------------------------------------
  OS-agnostic helper,
  /home/bballdave025/my_repos_dwb/fhtw-paper-code-prep/test_project_bash/p_01/scripts/py_touch.py
  provided for tag, p_01', in case it be desired.
  This could prove immensely helpful for Windows users.
  On *NIX, prefer touch(1) when available; this is a fallback.

  ---------------------------------------------------------
  OS-agnostic helper,
  /home/bballdave025/my_repos_dwb/fhtw-paper-code-prep/test_project_bash/p_01/scripts/normalize_eol.py
  provided for tag, 'p_01'. IT WILL BE NECESSARY TO USE IT!
  DO NOT MISS reading the pre-running instructions, in the p_01
  README at Section: REQUIRED Pre-running Instructions, to allow
  allow the files to run from your repo, whether on your local
  machine or on any online/VPN/other machine.
  THIS IS NECESSARY WHETHER ON WINDOWS OR *NIX!
  DO NOT PROCEED FURTHER WITHOUT FOLLOWING THOSE INSTRUCTIONS!

  From bash, usage should be
    $ python "$TAG_DIR/scripts/normalize_eol.py \"
         --root "$TAG_DIR" \"
         --map 'sh=lf,ps1=crlf,cmd=crlf,py=lf,ipynb=lf,md=lf' 

  From PowerShell, usage should be
    PS> & python "<path-to-tagdir>\scripts\normalize_eol.py" --root <path-to-tagdir> --map "sh=lf,ps1=crlf,cmd=crlf,py=lf,ipynb=lf,md=lf"
  where <path-to-tagdir> is analogous to
  "/home/bballdave025/my_repos_dwb/fhtw-paper-code-prep/test_project_bash/p_01" in the Windows platform setup.

  ---------------------------------------------------------
  Helper to ensure correct EOL on OS-specific files,
  /home/bballdave025/my_repos_dwb/fhtw-paper-code-prep/test_project_bash/p_01/.gitattributes
  provided for tag, 'p_01'. This will allow everying
  to be stress-free platform-agnostic. Only used
  when things are done in a project where source
  control is handled via Git, but it doesn't hurt to
  have this in here.
  (Note that any files that should be excluded/ignored
   are covered in the Git repo's root .gitignore file.)

--------------------------------------------------------------------
Project scaffolding with tags for files and tag-named subdirectories created at /home/bballdave025/my_repos_dwb/fhtw-paper-code-prep/test_project_bash
--------------------------------------------------------------------
=====``````````````````````````````````````````````````````````retval=0`````````

[?2004h(vanilla_cnn)  <=> conda environment, blank means none activated
[cifar10-vanilla-cnn] <=> git branch, blank means not in a git repo]0;~/my_repos_dwb/fhtw-paper-code-prep
bballdave025@MY-MACHINE ~/my_repos_dwb/fhtw-paper-code-prep
$ # Verify scaffold
[?2004l=====``````````````````````````````````````````````````````````retval=0`````````

[?2004h(vanilla_cnn)  <=> conda environment, blank means none activated
[cifar10-vanilla-cnn] <=> git branch, blank means not in a git repo]0;~/my_repos_dwb/fhtw-paper-code-prep
bballdave025@MY-MACHINE ~/my_repos_dwb/fhtw-paper-code-prep
$ test -d "$TAGDIR"/{data,notebooks,scripts,outputs,csv_logs} && echo "[scaffold] OK" || echo "[scaffold] missing dirs"test -d "$TAGDIR"/{data,notebooks,scripts,outputs,csv_logs} && echo "[scaffold] OK" || echo "[scaffold] missing dirs"
[?2004lbash: test: too many arguments
[scaffold] missing dirs
=====``````````````````````````````````````````````````````````retval=0`````````

[?2004h(vanilla_cnn)  <=> conda environment, blank means none activated
[cifar10-vanilla-cnn] <=> git branch, blank means not in a git repo]0;~/my_repos_dwb/fhtw-paper-code-prep
bballdave025@MY-MACHINE ~/my_repos_dwb/fhtw-paper-code-prep
$ atreea pfind . -mindepth 1 -maxdepth 1 -type d
[?2004l./general_lab_notebooks_-_other_examples
./img
./test_project_bash
./.git
./dataset_preparation_examples
=====``````````````````````````````````````````````````````````retval=0`````````

[?2004h(vanilla_cnn)  <=> conda environment, blank means none activated
[cifar10-vanilla-cnn] <=> git branch, blank means not in a git repo]0;~/my_repos_dwb/fhtw-paper-code-prep
bballdave025@MY-MACHINE ~/my_repos_dwb/fhtw-paper-code-prep
$ atreea test-_project_bash
[?2004ltest_project_bash
`-- p_01
    |-- datasets
    |-- .gitattributes
    |-- logs
    |-- models
    |-- notebooks
    |   |-- 00_data_exploration_p_01.ipynb
    |   |-- 01_model_build_p_01.ipynb
    |   |-- 02_training_p_01.ipynb
    |   `-- 03_inference_quick_explore_p_01.ipynb
    |-- outputs
    |   |-- csv_logs
    |   `-- gradcam_images
    |-- README_p_01.md
    |-- scripts
    |   |-- build_model_p_01.cmd
    |   |-- build_model_p_01.ps1
    |   |-- build_model_p_01.sh
    |   |-- inference_p_01.cmd
    |   |-- inference_p_01.ps1
    |   |-- inference_p_01.sh
    |   |-- normalize_eol.py
    |   |-- py_build_model_p_01.py
    |   |-- py_inference_p_01.py
    |   |-- py_touch.py
    |   |-- py_train_model_p_01.py
    |   |-- py_utils_p_01.py
    |   |-- train_model_p_01.cmd
    |   |-- train_model_p_01.ps1
    |   `-- train_model_p_01.sh
    `-- visualizations

11 directories, 21 files
=====``````````````````````````````````````````````````````````retval=0`````````

[?2004h(vanilla_cnn)  <=> conda environment, blank means none activated
[cifar10-vanilla-cnn] <=> git branch, blank means not in a git repo]0;~/my_repos_dwb/fhtw-paper-code-prep
bballdave025@MY-MACHINE ~/my_repos_dwb/fhtw-paper-code-prep
$ jupyter lab test_project_bash/
[?2004l[I 2025-09-03 22:40:59.580 ServerApp](B jupyter_lsp | extension was successfully linked.
[I 2025-09-03 22:40:59.592 ServerApp](B jupyter_server_terminals | extension was successfully linked.
[I 2025-09-03 22:40:59.604 ServerApp](B jupyterlab | extension was successfully linked.
[I 2025-09-03 22:40:59.607 ServerApp](B Writing Jupyter server cookie secret to /home/bballdave025/.local/share/jupyter/runtime/jupyter_cookie_secret
[I 2025-09-03 22:41:00.465 ServerApp](B notebook_shim | extension was successfully linked.
[I 2025-09-03 22:41:00.530 ServerApp](B notebook_shim | extension was successfully loaded.
[I 2025-09-03 22:41:00.538 ServerApp](B jupyter_lsp | extension was successfully loaded.
[I 2025-09-03 22:41:00.541 ServerApp](B jupyter_server_terminals | extension was successfully loaded.
[I 2025-09-03 22:41:00.559 LabApp](B JupyterLab extension loaded from /home/bballdave025/miniforge3/envs/vanilla_cnn/lib/python3.10/site-packages/jupyterlab
[I 2025-09-03 22:41:00.560 LabApp](B JupyterLab application directory is /home/bballdave025/miniforge3/envs/vanilla_cnn/share/jupyter/lab
[I 2025-09-03 22:41:00.560 LabApp](B Extension Manager is 'pypi'.
[I 2025-09-03 22:41:00.736 ServerApp](B jupyterlab | extension was successfully loaded.
[I 2025-09-03 22:41:00.737 ServerApp](B Serving notebooks from local directory: /home/bballdave025/my_repos_dwb/fhtw-paper-code-prep/test_project_bash
[I 2025-09-03 22:41:00.737 ServerApp](B Jupyter Server 2.17.0 is running at:
[I 2025-09-03 22:41:00.737 ServerApp](B http://localhost:8888/lab?token=33c8064261136993fefa8b8533a55ae5a7cd47a1f5fbeacd
[I 2025-09-03 22:41:00.738 ServerApp](B     http://127.0.0.1:8888/lab?token=33c8064261136993fefa8b8533a55ae5a7cd47a1f5fbeacd
[I 2025-09-03 22:41:00.738 ServerApp](B Use Control-C to stop this server and shut down all kernels (twice to skip confirmation).
[C 2025-09-03 22:41:00.906 ServerApp](B 
    
    To access the server, open this file in a browser:
        file:///home/bballdave025/.local/share/jupyter/runtime/jpserver-39292-open.html
    Or copy and paste one of these URLs:
        http://localhost:8888/lab?token=33c8064261136993fefa8b8533a55ae5a7cd47a1f5fbeacd
        http://127.0.0.1:8888/lab?token=33c8064261136993fefa8b8533a55ae5a7cd47a1f5fbeacd
[I 2025-09-03 22:41:00.972 ServerApp](B Skipped non-installed server(s): basedpyright, bash-language-server, dockerfile-language-server-nodejs, javascript-typescript-langserver, jedi-language-server, julia-language-server, pyrefly, pyright, python-language-server, python-lsp-server, r-languageserver, sql-language-server, texlab, typescript-language-server, unified-language-server, vscode-css-languageserver-bin, vscode-html-languageserver-bin, vscode-json-languageserver-bin, yaml-language-server
[W 2025-09-03 22:41:06.916 LabApp](B Could not determine jupyterlab build status without nodejs
^C[I 2025-09-03 22:45:47.255 ServerApp](B interrupted
[I 2025-09-03 22:45:47.256 ServerApp](B Serving notebooks from local directory: /home/bballdave025/my_repos_dwb/fhtw-paper-code-prep/test_project_bash
    0 active kernels
    Jupyter Server 2.17.0 is running at:
    http://localhost:8888/lab?token=33c8064261136993fefa8b8533a55ae5a7cd47a1f5fbeacd
        http://127.0.0.1:8888/lab?token=33c8064261136993fefa8b8533a55ae5a7cd47a1f5fbeacd
Shut down this Jupyter server (y/[n])? ^C[C 2025-09-03 22:45:47.399 ServerApp](B received signal 2, stopping
[I 2025-09-03 22:45:47.400 ServerApp](B Shutting down 4 extensions
^C
=====``````````````````````````````````````````````````````````retval=0d00130```

[?2004h(vanilla_cnn)  <=> conda environment, blank means none activated
[cifar10-vanilla-cnn] <=> git branch, blank means not in a git repo]0;~/my_repos_dwb/fhtw-paper-code-prep
bballdave025@MY-MACHINE ~/my_repos_dwb/fhtw-paper-code-prep
$ # Update the list to what your scaffold actually created# Update the list to what your scaffold actually created
[?2004l=====``````````````````````````````````````````````````````````retval=0d00130```

[?2004h(vanilla_cnn)  <=> conda environment, blank means none activated
[cifar10-vanilla-cnn] <=> git branch, blank means not in a git repo]0;~/my_repos_dwb/fhtw-paper-code-prep
bballdave025@MY-MACHINE ~/my_repos_dwb/fhtw-paper-code-prep
$ required=(notebooks scripts outputs outputs/csv_logs models logs datasets visualizations)required=(notebooks scripts outputs outputs/csv_logs models logs datasets visualizations)
[?2004l=====``````````````````````````````````````````````````````````retval=0`````````

[?2004h(vanilla_cnn)  <=> conda environment, blank means none activated
[cifar10-vanilla-cnn] <=> git branch, blank means not in a git repo]0;~/my_repos_dwb/fhtw-paper-code-prep
bballdave025@MY-MACHINE ~/my_repos_dwb/fhtw-paper-code-prep
$ OKok=1
[?2004l=====``````````````````````````````````````````````````````````retval=0`````````

[?2004h(vanilla_cnn)  <=> conda environment, blank means none activated
[cifar10-vanilla-cnn] <=> git branch, blank means not in a git repo]0;~/my_repos_dwb/fhtw-paper-code-prep
bballdave025@MY-MACHINE ~/my_repos_dwb/fhtw-paper-code-prep
$ for d in ""$"{"}"r}"e}"q}"u}"i}"r}"e}"d}"[}"]}"@}""""@"]";" "d"o"""""; do [ -d "$TAGDIR/$d" ] || { echo "MISS: $TAGDIR/$d"; ok=0; }[ -d "$TAGDIR/$d" ] || { echo "MISS: $TAGDIR/$d"; ok=0; }; done
[?2004l[?2004h> ^C[?2004l[?2004h[?2004l
=====``````````````````````````````````````````````````````````retval=0d00130```

[?2004h(vanilla_cnn)  <=> conda environment, blank means none activated
[cifar10-vanilla-cnn] <=> git branch, blank means not in a git repo]0;~/my_repos_dwb/fhtw-paper-code-prep
bballdave025@MY-MACHINE ~/my_repos_dwb/fhtw-paper-code-prep
$ for d in "${required[@]"; do [ -d "$TAGDIR/$d" ] || { echo "MISS: $TAGDIR/$d"; ok=0; }; done}"; do [ -d "$TAGDIR/$d" ] || { echo "MISS: $TAGDIR/$d";[1@ 

[?2004l=====``````````````````````````````````````````````````````````retval=0`````````

[?2004h(vanilla_cnn)  <=> conda environment, blank means none activated
[cifar10-vanilla-cnn] <=> git branch, blank means not in a git repo]0;~/my_repos_dwb/fhtw-paper-code-prep
bballdave025@MY-MACHINE ~/my_repos_dwb/fhtw-paper-code-prep
$ ((ok)) && echo "[scaffold] OK" || echo "[scaffold] missing"((ok)) && echo "[scaffold] OK" || echo "[scaffold] missing"
[?2004l[scaffold] OK
=====``````````````````````````````````````````````````````````retval=0`````````

[?2004h(vanilla_cnn)  <=> conda environment, blank means none activated
[cifar10-vanilla-cnn] <=> git branch, blank means not in a git repo]0;~/my_repos_dwb/fhtw-paper-code-prep
bballdave025@MY-MACHINE ~/my_repos_dwb/fhtw-paper-code-prep
$ rm -f "$TAGDIR/.gitattributes"rm -f "$TAGDIR/.gitattributes"
[?2004l=====``````````````````````````````````````````````````````````retval=0`````````

[?2004h(vanilla_cnn)  <=> conda environment, blank means none activated
[cifar10-vanilla-cnn] <=> git branch, blank means not in a git repo]0;~/my_repos_dwb/fhtw-paper-code-prep
bballdave025@MY-MACHINE ~/my_repos_dwb/fhtw-paper-code-prep
$ # (Re)normalize EOLs â€” safe to run anytime# (Re)normalize EOLs â€” safe to run anytime
[?2004l=====``````````````````````````````````````````````````````````retval=0`````````

[?2004h(vanilla_cnn)  <=> conda environment, blank means none activated
[cifar10-vanilla-cnn] <=> git branch, blank means not in a git repo]0;~/my_repos_dwb/fhtw-paper-code-prep
bballdave025@MY-MACHINE ~/my_repos_dwb/fhtw-paper-code-prep
$ python "$TAGDIR/scripts/normalize_eol.py" \
  --root "$TAGDIR" \
  --map 'sh=lf,ps1=crlf,cmd=crlf,py=lf,ipynb=lf,md=lf'python "$TAGDIR/scripts/normalize_eol.py" \
  --root "$TAGDIR" \
  --map 'sh=lf,ps1=crlf,cmd=crlf,py=lf,ipynb=lf,md=lf'
[?2004lChanged 0 files under /home/bballdave025/my_repos_dwb/fhtw-paper-code-prep/test_project_bash/p_01.
=====``````````````````````````````````````````````````````````retval=0`````````

[?2004h(vanilla_cnn)  <=> conda environment, blank means none activated
[cifar10-vanilla-cnn] <=> git branch, blank means not in a git repo]0;~/my_repos_dwb/fhtw-paper-code-prep
bballdave025@MY-MACHINE ~/my_repos_dwb/fhtw-paper-code-prep
$ jupyter lab "$TAGDIR/notebooks/01_model_build_${TAG}.ipynb"jupyter lab "$TAGDIR/notebooks/01_model_build_${TAG}.ipynb"
[?2004l[I 2025-09-03 22:48:25.018 ServerApp](B jupyter_lsp | extension was successfully linked.
[I 2025-09-03 22:48:25.031 ServerApp](B jupyter_server_terminals | extension was successfully linked.
[I 2025-09-03 22:48:25.047 ServerApp](B jupyterlab | extension was successfully linked.
[I 2025-09-03 22:48:25.425 ServerApp](B notebook_shim | extension was successfully linked.
[I 2025-09-03 22:48:25.453 ServerApp](B notebook_shim | extension was successfully loaded.
[I 2025-09-03 22:48:25.457 ServerApp](B jupyter_lsp | extension was successfully loaded.
[I 2025-09-03 22:48:25.459 ServerApp](B jupyter_server_terminals | extension was successfully loaded.
[I 2025-09-03 22:48:25.463 LabApp](B JupyterLab extension loaded from /home/bballdave025/miniforge3/envs/vanilla_cnn/lib/python3.10/site-packages/jupyterlab
[I 2025-09-03 22:48:25.464 LabApp](B JupyterLab application directory is /home/bballdave025/miniforge3/envs/vanilla_cnn/share/jupyter/lab
[I 2025-09-03 22:48:25.464 LabApp](B Extension Manager is 'pypi'.
[I 2025-09-03 22:48:25.557 ServerApp](B jupyterlab | extension was successfully loaded.
[I 2025-09-03 22:48:25.559 ServerApp](B Serving notebooks from local directory: /home/bballdave025/my_repos_dwb/fhtw-paper-code-prep/test_project_bash/p_01/notebooks
[I 2025-09-03 22:48:25.559 ServerApp](B Jupyter Server 2.17.0 is running at:
[I 2025-09-03 22:48:25.559 ServerApp](B http://localhost:8888/lab?token=f303a168465b54a0ca90da4e7e2430e8b02c7e2d40c58a6a
[I 2025-09-03 22:48:25.560 ServerApp](B     http://127.0.0.1:8888/lab?token=f303a168465b54a0ca90da4e7e2430e8b02c7e2d40c58a6a
[I 2025-09-03 22:48:25.560 ServerApp](B Use Control-C to stop this server and shut down all kernels (twice to skip confirmation).
[C 2025-09-03 22:48:25.621 ServerApp](B 
    
    To access the server, open this file in a browser:
        file:///home/bballdave025/.local/share/jupyter/runtime/jpserver-39885-open.html
    Or copy and paste one of these URLs:
        http://localhost:8888/lab?token=f303a168465b54a0ca90da4e7e2430e8b02c7e2d40c58a6a
        http://127.0.0.1:8888/lab?token=f303a168465b54a0ca90da4e7e2430e8b02c7e2d40c58a6a
[I 2025-09-03 22:48:25.667 ServerApp](B Skipped non-installed server(s): basedpyright, bash-language-server, dockerfile-language-server-nodejs, javascript-typescript-langserver, jedi-language-server, julia-language-server, pyrefly, pyright, python-language-server, python-lsp-server, r-languageserver, sql-language-server, texlab, typescript-language-server, unified-language-server, vscode-css-languageserver-bin, vscode-html-languageserver-bin, vscode-json-languageserver-bin, yaml-language-server
[W 2025-09-03 22:48:29.437 LabApp](B Could not determine jupyterlab build status without nodejs
/home/bballdave025/miniforge3/envs/vanilla_cnn/lib/python3.10/site-packages/nbformat/__init__.py:96: MissingIDFieldWarning: Cell is missing an id field, this will become a hard error in future nbformat versions. You may want to use `normalize()` on your notebooks before validations (available since nbformat 5.1.4). Previous versions of nbformat are fixing this issue transparently, and will stop doing so in the future.
  validate(nb)
[I 2025-09-03 22:48:32.833 ServerApp](B Writing notebook-signing key to /home/bballdave025/.local/share/jupyter/notebook_secret
[W 2025-09-03 22:48:32.834 ServerApp](B Notebook 01_model_build_p_01.ipynb is not trusted
[I 2025-09-03 22:48:34.175 ServerApp](B Kernel started: ed4d97cf-c33b-4039-b116-033af2590581
[I 2025-09-03 22:48:35.765 ServerApp](B Connecting to kernel ed4d97cf-c33b-4039-b116-033af2590581.
[W 2025-09-03 22:48:35.770 ServerApp](B The websocket_ping_timeout (90000) cannot be longer than the websocket_ping_interval (30000).
    Setting websocket_ping_timeout=30000
[I 2025-09-03 22:48:45.979 ServerApp](B Connecting to kernel ed4d97cf-c33b-4039-b116-033af2590581.
2025-09-03 22:50:00.812238: I tensorflow/tsl/cuda/cudart_stub.cc:28] Could not find cuda drivers on your machine, GPU will not be used.
2025-09-03 22:50:02.463508: E tensorflow/compiler/xla/stream_executor/cuda/cuda_dnn.cc:9342] Unable to register cuDNN factory: Attempting to register factory for plugin cuDNN when one has already been registered
2025-09-03 22:50:02.463574: E tensorflow/compiler/xla/stream_executor/cuda/cuda_fft.cc:609] Unable to register cuFFT factory: Attempting to register factory for plugin cuFFT when one has already been registered
2025-09-03 22:50:02.470931: E tensorflow/compiler/xla/stream_executor/cuda/cuda_blas.cc:1518] Unable to register cuBLAS factory: Attempting to register factory for plugin cuBLAS when one has already been registered
2025-09-03 22:50:03.439508: I tensorflow/tsl/cuda/cudart_stub.cc:28] Could not find cuda drivers on your machine, GPU will not be used.
2025-09-03 22:50:07.503792: W tensorflow/compiler/tf2tensorrt/utils/py_utils.cc:38] TF-TRT Warning: Could not find TensorRT
[I 2025-09-03 22:50:32.877 ServerApp](B Saving file at /01_model_build_p_01.ipynb
[I 2025-09-03 22:52:33.235 ServerApp](B Saving file at /01_model_build_p_01.ipynb
[I 2025-09-03 22:53:14.581 ServerApp](B Starting buffering for ed4d97cf-c33b-4039-b116-033af2590581:669a83de-5e57-4411-94da-d07eebbb7726
^C[I 2025-09-03 22:53:17.253 ServerApp](B interrupted
[I 2025-09-03 22:53:17.254 ServerApp](B Serving notebooks from local directory: /home/bballdave025/my_repos_dwb/fhtw-paper-code-prep/test_project_bash/p_01/notebooks
    1 active kernel
    Jupyter Server 2.17.0 is running at:
    http://localhost:8888/lab?token=f303a168465b54a0ca90da4e7e2430e8b02c7e2d40c58a6a
        http://127.0.0.1:8888/lab?token=f303a168465b54a0ca90da4e7e2430e8b02c7e2d40c58a6a
Shut down this Jupyter server (y/[n])? ^C[C 2025-09-03 22:53:17.429 ServerApp](B received signal 2, stopping
[I 2025-09-03 22:53:17.430 ServerApp](B Shutting down 4 extensions
[I 2025-09-03 22:53:17.431 ServerApp](B Shutting down 1 kernel
[I 2025-09-03 22:53:17.433 ServerApp](B Kernel shutdown: ed4d97cf-c33b-4039-b116-033af2590581
^C[C 2025-09-03 22:53:17.572 ServerApp](B received signal 2, stopping
[I 2025-09-03 22:53:17.573 ServerApp](B Shutting down 4 extensions
[I 2025-09-03 22:53:17.574 ServerApp](B Shutting down 1 kernel
[I 2025-09-03 22:53:17.575 ServerApp](B Kernel shutdown: ed4d97cf-c33b-4039-b116-033af2590581
^C[C 2025-09-03 22:53:17.861 ServerApp](B received signal 2, stopping
[I 2025-09-03 22:53:17.861 ServerApp](B Shutting down 4 extensions
[I 2025-09-03 22:53:17.862 ServerApp](B Shutting down 1 kernel
[I 2025-09-03 22:53:17.862 ServerApp](B Kernel shutdown: ed4d97cf-c33b-4039-b116-033af2590581
^C[C 2025-09-03 22:53:18.052 ServerApp](B received signal 2, stopping
[I 2025-09-03 22:53:18.053 ServerApp](B Shutting down 4 extensions
[I 2025-09-03 22:53:18.054 ServerApp](B Shutting down 1 kernel
[I 2025-09-03 22:53:18.054 ServerApp](B Kernel shutdown: ed4d97cf-c33b-4039-b116-033af2590581
^C[C 2025-09-03 22:53:18.196 ServerApp](B received signal 2, stopping
[I 2025-09-03 22:53:18.197 ServerApp](B Shutting down 4 extensions
[I 2025-09-03 22:53:18.198 ServerApp](B Shutting down 1 kernel
[I 2025-09-03 22:53:18.198 ServerApp](B Kernel shutdown: ed4d97cf-c33b-4039-b116-033af2590581
^C[C 2025-09-03 22:53:18.324 ServerApp](B received signal 2, stopping
[I 2025-09-03 22:53:18.325 ServerApp](B Shutting down 4 extensions
[I 2025-09-03 22:53:18.326 ServerApp](B Shutting down 1 kernel
[I 2025-09-03 22:53:18.326 ServerApp](B Kernel shutdown: ed4d97cf-c33b-4039-b116-033af2590581
^C[C 2025-09-03 22:53:18.453 ServerApp](B received signal 2, stopping
[I 2025-09-03 22:53:18.454 ServerApp](B Shutting down 4 extensions
[I 2025-09-03 22:53:18.455 ServerApp](B Shutting down 1 kernel
[I 2025-09-03 22:53:18.456 ServerApp](B Kernel shutdown: ed4d97cf-c33b-4039-b116-033af2590581
^C
=====``````````````````````````````````````````````````````````retval=0d00130```

^C
=====``````````````````````````````````````````````````````````retval=0d00130```

[?2004h(vanilla_cnn)  <=> conda environment, blank means none activated
[cifar10-vanilla-cnn] <=> git branch, blank means not in a git repo]0;~/my_repos_dwb/fhtw-paper-code-prep
bballdave025@MY-MACHINE ~/my_repos_dwb/fhtw-paper-code-prep
$ ^C[?2004l[?2004h[?2004l
=====``````````````````````````````````````````````````````````retval=0d00130```

[?2004h(vanilla_cnn)  <=> conda environment, blank means none activated
[cifar10-vanilla-cnn] <=> git branch, blank means not in a git repo]0;~/my_repos_dwb/fhtw-paper-code-prep
bballdave025@MY-MACHINE ~/my_repos_dwb/fhtw-paper-code-prep
$ ^C[?2004l[?2004h[?2004l
=====``````````````````````````````````````````````````````````retval=0d00130```

[?2004h(vanilla_cnn)  <=> conda environment, blank means none activated
[cifar10-vanilla-cnn] <=> git branch, blank means not in a git repo]0;~/my_repos_dwb/fhtw-paper-code-prep
bballdave025@MY-MACHINE ~/my_repos_dwb/fhtw-paper-code-prep
$ ^C[?2004l[?2004h[?2004l
=====``````````````````````````````````````````````````````````retval=0d00130```

[?2004h(vanilla_cnn)  <=> conda environment, blank means none activated
[cifar10-vanilla-cnn] <=> git branch, blank means not in a git repo]0;~/my_repos_dwb/fhtw-paper-code-prep
bballdave025@MY-MACHINE ~/my_repos_dwb/fhtw-paper-code-prep
$ python -m pip#  Ensure ipytkernel is present
[?2004l=====``````````````````````````````````````````````````````````retval=0d00130```

[?2004h(vanilla_cnn)  <=> conda environment, blank means none activated
[cifar10-vanilla-cnn] <=> git branch, blank means not in a git repo]0;~/my_repos_dwb/fhtw-paper-code-prep
bballdave025@MY-MACHINE ~/my_repos_dwb/fhtw-paper-code-prep
$ python -m pip install --upgrade ipykernalel
[?2004lRequirement already satisfied: ipykernel in /home/bballdave025/miniforge3/envs/vanilla_cnn/lib/python3.10/site-packages (6.30.1)
Requirement already satisfied: comm>=0.1.1 in /home/bballdave025/miniforge3/envs/vanilla_cnn/lib/python3.10/site-packages (from ipykernel) (0.2.3)
Requirement already satisfied: debugpy>=1.6.5 in /home/bballdave025/miniforge3/envs/vanilla_cnn/lib/python3.10/site-packages (from ipykernel) (1.8.16)
Requirement already satisfied: ipython>=7.23.1 in /home/bballdave025/miniforge3/envs/vanilla_cnn/lib/python3.10/site-packages (from ipykernel) (8.37.0)
Requirement already satisfied: jupyter-client>=8.0.0 in /home/bballdave025/miniforge3/envs/vanilla_cnn/lib/python3.10/site-packages (from ipykernel) (8.6.3)
Requirement already satisfied: jupyter-core!=5.0.*,>=4.12 in /home/bballdave025/miniforge3/envs/vanilla_cnn/lib/python3.10/site-packages (from ipykernel) (5.8.1)
Requirement already satisfied: matplotlib-inline>=0.1 in /home/bballdave025/miniforge3/envs/vanilla_cnn/lib/python3.10/site-packages (from ipykernel) (0.1.7)
Requirement already satisfied: nest-asyncio>=1.4 in /home/bballdave025/miniforge3/envs/vanilla_cnn/lib/python3.10/site-packages (from ipykernel) (1.6.0)
Requirement already satisfied: packaging>=22 in /home/bballdave025/miniforge3/envs/vanilla_cnn/lib/python3.10/site-packages (from ipykernel) (25.0)
Requirement already satisfied: psutil>=5.7 in /home/bballdave025/miniforge3/envs/vanilla_cnn/lib/python3.10/site-packages (from ipykernel) (7.0.0)
Requirement already satisfied: pyzmq>=25 in /home/bballdave025/miniforge3/envs/vanilla_cnn/lib/python3.10/site-packages (from ipykernel) (27.0.2)
Requirement already satisfied: tornado>=6.2 in /home/bballdave025/miniforge3/envs/vanilla_cnn/lib/python3.10/site-packages (from ipykernel) (6.5.2)
Requirement already satisfied: traitlets>=5.4.0 in /home/bballdave025/miniforge3/envs/vanilla_cnn/lib/python3.10/site-packages (from ipykernel) (5.14.3)
Requirement already satisfied: decorator in /home/bballdave025/miniforge3/envs/vanilla_cnn/lib/python3.10/site-packages (from ipython>=7.23.1->ipykernel) (5.2.1)
Requirement already satisfied: exceptiongroup in /home/bballdave025/miniforge3/envs/vanilla_cnn/lib/python3.10/site-packages (from ipython>=7.23.1->ipykernel) (1.3.0)
Requirement already satisfied: jedi>=0.16 in /home/bballdave025/miniforge3/envs/vanilla_cnn/lib/python3.10/site-packages (from ipython>=7.23.1->ipykernel) (0.19.2)
Requirement already satisfied: pexpect>4.3 in /home/bballdave025/miniforge3/envs/vanilla_cnn/lib/python3.10/site-packages (from ipython>=7.23.1->ipykernel) (4.9.0)
Requirement already satisfied: prompt_toolkit<3.1.0,>=3.0.41 in /home/bballdave025/miniforge3/envs/vanilla_cnn/lib/python3.10/site-packages (from ipython>=7.23.1->ipykernel) (3.0.52)
Requirement already satisfied: pygments>=2.4.0 in /home/bballdave025/miniforge3/envs/vanilla_cnn/lib/python3.10/site-packages (from ipython>=7.23.1->ipykernel) (2.19.2)
Requirement already satisfied: stack_data in /home/bballdave025/miniforge3/envs/vanilla_cnn/lib/python3.10/site-packages (from ipython>=7.23.1->ipykernel) (0.6.3)
Requirement already satisfied: typing_extensions>=4.6 in /home/bballdave025/miniforge3/envs/vanilla_cnn/lib/python3.10/site-packages (from ipython>=7.23.1->ipykernel) (4.15.0)
Requirement already satisfied: wcwidth in /home/bballdave025/miniforge3/envs/vanilla_cnn/lib/python3.10/site-packages (from prompt_toolkit<3.1.0,>=3.0.41->ipython>=7.23.1->ipykernel) (0.2.13)
Requirement already satisfied: parso<0.9.0,>=0.8.4 in /home/bballdave025/miniforge3/envs/vanilla_cnn/lib/python3.10/site-packages (from jedi>=0.16->ipython>=7.23.1->ipykernel) (0.8.5)
Requirement already satisfied: python-dateutil>=2.8.2 in /home/bballdave025/miniforge3/envs/vanilla_cnn/lib/python3.10/site-packages (from jupyter-client>=8.0.0->ipykernel) (2.9.0.post0)
Requirement already satisfied: platformdirs>=2.5 in /home/bballdave025/miniforge3/envs/vanilla_cnn/lib/python3.10/site-packages (from jupyter-core!=5.0.*,>=4.12->ipykernel) (4.4.0)
Requirement already satisfied: ptyprocess>=0.5 in /home/bballdave025/miniforge3/envs/vanilla_cnn/lib/python3.10/site-packages (from pexpect>4.3->ipython>=7.23.1->ipykernel) (0.7.0)
Requirement already satisfied: six>=1.5 in /home/bballdave025/miniforge3/envs/vanilla_cnn/lib/python3.10/site-packages (from python-dateutil>=2.8.2->jupyter-client>=8.0.0->ipykernel) (1.17.0)
Requirement already satisfied: executing>=1.2.0 in /home/bballdave025/miniforge3/envs/vanilla_cnn/lib/python3.10/site-packages (from stack_data->ipython>=7.23.1->ipykernel) (2.2.1)
Requirement already satisfied: asttokens>=2.1.0 in /home/bballdave025/miniforge3/envs/vanilla_cnn/lib/python3.10/site-packages (from stack_data->ipython>=7.23.1->ipykernel) (3.0.0)
Requirement already satisfied: pure-eval in /home/bballdave025/miniforge3/envs/vanilla_cnn/lib/python3.10/site-packages (from stack_data->ipython>=7.23.1->ipykernel) (0.2.3)
=====``````````````````````````````````````````````````````````retval=0`````````

[?2004h(vanilla_cnn)  <=> conda environment, blank means none activated
[cifar10-vanilla-cnn] <=> git branch, blank means not in a git repo]0;~/my_repos_dwb/fhtw-paper-code-prep
bballdave025@MY-MACHINE ~/my_repos_dwb/fhtw-paper-code-prep
$ pyt#  Register this env as a Jupyter kernel
[?2004l=====``````````````````````````````````````````````````````````retval=0`````````

[?2004h(vanilla_cnn)  <=> conda environment, blank means none activated
[cifar10-vanilla-cnn] <=> git branch, blank means not in a git repo]0;~/my_repos_dwb/fhtw-paper-code-prep
bballdave025@MY-MACHINE ~/my_repos_dwb/fhtw-paper-code-prep
$ python -m ipykernel install --user --name vanilla_cnn --display-name "Python (vanilla_cnn)" 
python -m ipykernel install --user --name vanilla_cnn --display-name "Python (vanilla_cnn)"
[?2004lInstalled kernelspec vanilla_cnn in /home/bballdave025/.local/share/jupyter/kernels/vanilla_cnn
=====``````````````````````````````````````````````````````````retval=0`````````

[?2004h(vanilla_cnn)  <=> conda environment, blank means none activated
[cifar10-vanilla-cnn] <=> git branch, blank means not in a git repo]0;~/my_repos_dwb/fhtw-paper-code-prep
bballdave025@MY-MACHINE ~/my_repos_dwb/fhtw-paper-code-prep
$ jupyter lab
[?2004l[I 2025-09-03 22:55:54.214 ServerApp](B jupyter_lsp | extension was successfully linked.
[I 2025-09-03 22:55:54.223 ServerApp](B jupyter_server_terminals | extension was successfully linked.
[I 2025-09-03 22:55:54.232 ServerApp](B jupyterlab | extension was successfully linked.
[I 2025-09-03 22:55:54.588 ServerApp](B notebook_shim | extension was successfully linked.
[I 2025-09-03 22:55:54.614 ServerApp](B notebook_shim | extension was successfully loaded.
[I 2025-09-03 22:55:54.618 ServerApp](B jupyter_lsp | extension was successfully loaded.
[I 2025-09-03 22:55:54.619 ServerApp](B jupyter_server_terminals | extension was successfully loaded.
[I 2025-09-03 22:55:54.625 LabApp](B JupyterLab extension loaded from /home/bballdave025/miniforge3/envs/vanilla_cnn/lib/python3.10/site-packages/jupyterlab
[I 2025-09-03 22:55:54.625 LabApp](B JupyterLab application directory is /home/bballdave025/miniforge3/envs/vanilla_cnn/share/jupyter/lab
[I 2025-09-03 22:55:54.625 LabApp](B Extension Manager is 'pypi'.
[I 2025-09-03 22:55:54.709 ServerApp](B jupyterlab | extension was successfully loaded.
[I 2025-09-03 22:55:54.710 ServerApp](B Serving notebooks from local directory: /home/bballdave025/my_repos_dwb/fhtw-paper-code-prep
[I 2025-09-03 22:55:54.710 ServerApp](B Jupyter Server 2.17.0 is running at:
[I 2025-09-03 22:55:54.710 ServerApp](B http://localhost:8888/lab?token=473c69ecc54b65a3e6c66f57868e1c0324bcb6762163b887
[I 2025-09-03 22:55:54.710 ServerApp](B     http://127.0.0.1:8888/lab?token=473c69ecc54b65a3e6c66f57868e1c0324bcb6762163b887
[I 2025-09-03 22:55:54.710 ServerApp](B Use Control-C to stop this server and shut down all kernels (twice to skip confirmation).
[C 2025-09-03 22:55:54.770 ServerApp](B 
    
    To access the server, open this file in a browser:
        file:///home/bballdave025/.local/share/jupyter/runtime/jpserver-41819-open.html
    Or copy and paste one of these URLs:
        http://localhost:8888/lab?token=473c69ecc54b65a3e6c66f57868e1c0324bcb6762163b887
        http://127.0.0.1:8888/lab?token=473c69ecc54b65a3e6c66f57868e1c0324bcb6762163b887
[I 2025-09-03 22:55:54.810 ServerApp](B Skipped non-installed server(s): basedpyright, bash-language-server, dockerfile-language-server-nodejs, javascript-typescript-langserver, jedi-language-server, julia-language-server, pyrefly, pyright, python-language-server, python-lsp-server, r-languageserver, sql-language-server, texlab, typescript-language-server, unified-language-server, vscode-css-languageserver-bin, vscode-html-languageserver-bin, vscode-json-languageserver-bin, yaml-language-server
[W 2025-09-03 22:56:01.220 LabApp](B Could not determine jupyterlab build status without nodejs
[W 2025-09-03 22:56:02.509 ServerApp](B 404 GET /api/contents/01_model_build_p_01.ipynb?content=0&hash=0&1756961762499 (f06fbefbd830411db5f3d1acf17991ac@127.0.0.1) 2.68ms referer=http://localhost:8888/lab
[W 2025-09-03 22:56:02.509 ServerApp](B 404 GET /api/contents/01_model_build_p_01.ipynb?content=0&hash=0&1756961762499 (127.0.0.1): No such file or directory: 01_model_build_p_01.ipynb
[W 2025-09-03 22:56:02.514 ServerApp](B 404 GET /api/contents/01_model_build_p_01.ipynb?content=0&hash=0&1756961762501 (f06fbefbd830411db5f3d1acf17991ac@127.0.0.1) 4.01ms referer=http://localhost:8888/lab
[W 2025-09-03 22:56:02.515 ServerApp](B 404 GET /api/contents/01_model_build_p_01.ipynb?content=0&hash=0&1756961762501 (127.0.0.1): No such file or directory: 01_model_build_p_01.ipynb
[W 2025-09-03 22:56:03.617 ServerApp](B 404 GET /api/contents/p_01?1756961763612 (f06fbefbd830411db5f3d1acf17991ac@127.0.0.1) 1.92ms referer=http://localhost:8888/lab
[W 2025-09-03 22:56:03.617 ServerApp](B 404 GET /api/contents/p_01?1756961763612 (127.0.0.1): No such file or directory: p_01
[I 2025-09-03 22:56:26.850 ServerApp](B Creating new notebook in 
[I 2025-09-03 22:56:28.367 ServerApp](B Kernel started: 6ddc6c22-400e-481f-bb3e-8f1025953900
[I 2025-09-03 22:56:29.633 ServerApp](B Connecting to kernel 6ddc6c22-400e-481f-bb3e-8f1025953900.
[W 2025-09-03 22:56:29.639 ServerApp](B The websocket_ping_timeout (90000) cannot be longer than the websocket_ping_interval (30000).
    Setting websocket_ping_timeout=30000
[I 2025-09-03 22:56:29.656 ServerApp](B Connecting to kernel 6ddc6c22-400e-481f-bb3e-8f1025953900.
[I 2025-09-03 22:56:29.677 ServerApp](B Connecting to kernel 6ddc6c22-400e-481f-bb3e-8f1025953900.
[I 2025-09-03 22:57:49.788 ServerApp](B Kernel started: c8e8eeb9-e63e-47f8-a4df-6f5043f90e48
[I 2025-09-03 22:57:50.934 ServerApp](B Connecting to kernel c8e8eeb9-e63e-47f8-a4df-6f5043f90e48.
[I 2025-09-03 22:57:50.944 ServerApp](B Connecting to kernel c8e8eeb9-e63e-47f8-a4df-6f5043f90e48.
[I 2025-09-03 22:57:50.963 ServerApp](B Connecting to kernel c8e8eeb9-e63e-47f8-a4df-6f5043f90e48.
2025-09-03 22:58:27.095669: I tensorflow/tsl/cuda/cudart_stub.cc:28] Could not find cuda drivers on your machine, GPU will not be used.
2025-09-03 22:58:27.159910: E tensorflow/compiler/xla/stream_executor/cuda/cuda_dnn.cc:9342] Unable to register cuDNN factory: Attempting to register factory for plugin cuDNN when one has already been registered
2025-09-03 22:58:27.159957: E tensorflow/compiler/xla/stream_executor/cuda/cuda_fft.cc:609] Unable to register cuFFT factory: Attempting to register factory for plugin cuFFT when one has already been registered
2025-09-03 22:58:27.160003: E tensorflow/compiler/xla/stream_executor/cuda/cuda_blas.cc:1518] Unable to register cuBLAS factory: Attempting to register factory for plugin cuBLAS when one has already been registered
2025-09-03 22:58:27.171184: I tensorflow/tsl/cuda/cudart_stub.cc:28] Could not find cuda drivers on your machine, GPU will not be used.
[I 2025-09-03 22:58:27.753 ServerApp](B Saving file at /Untitled.ipynb
2025-09-03 22:58:28.940826: W tensorflow/compiler/tf2tensorrt/utils/py_utils.cc:38] TF-TRT Warning: Could not find TensorRT
2025-09-03 22:59:41.984510: W tensorflow/tsl/framework/cpu_allocator_impl.cc:83] Allocation of 552960000 exceeds 10% of free system memory.
[I 2025-09-03 22:59:49.698 ServerApp](B Saving file at /test_project_bash/p_01/notebooks/01_model_build_p_01.ipynb
2025-09-03 22:59:53.002038: W tensorflow/tsl/framework/cpu_allocator_impl.cc:83] Allocation of 21415680 exceeds 10% of free system memory.
2025-09-03 22:59:53.042002: W tensorflow/tsl/framework/cpu_allocator_impl.cc:83] Allocation of 21415680 exceeds 10% of free system memory.
2025-09-03 22:59:53.098970: W tensorflow/tsl/framework/cpu_allocator_impl.cc:83] Allocation of 20995200 exceeds 10% of free system memory.
2025-09-03 22:59:53.099172: W tensorflow/tsl/framework/cpu_allocator_impl.cc:83] Allocation of 20995200 exceeds 10% of free system memory.
[I 2025-09-03 23:01:50.565 ServerApp](B Saving file at /test_project_bash/p_01/notebooks/01_model_build_p_01.ipynb
[I 2025-09-03 23:02:28.049 ServerApp](B Saving file at /Untitled.ipynb
[I 2025-09-03 23:03:50.941 ServerApp](B Saving file at /test_project_bash/p_01/notebooks/01_model_build_p_01.ipynb
[I 2025-09-03 23:05:51.359 ServerApp](B Saving file at /test_project_bash/p_01/notebooks/01_model_build_p_01.ipynb
[I 2025-09-03 23:11:51.666 ServerApp](B Saving file at /test_project_bash/p_01/notebooks/01_model_build_p_01.ipynb
[I 2025-09-03 23:13:51.964 ServerApp](B Saving file at /test_project_bash/p_01/notebooks/01_model_build_p_01.ipynb
[I 2025-09-03 23:20:43.505 ServerApp](B Starting buffering for 6ddc6c22-400e-481f-bb3e-8f1025953900:8ceeebc9-6e92-4408-8999-d9406ea5d252
[I 2025-09-03 23:20:48.051 ServerApp](B Saving file at /test_project_bash/p_01/notebooks/01_model_build_p_01.ipynb
[I 2025-09-03 23:20:54.702 ServerApp](B Saving file at /test_project_bash/p_01/notebooks/01_model_build_p_01.ipynb
[I 2025-09-03 23:21:05.171 ServerApp](B Saving file at /test_project_bash/p_01/notebooks/01_model_build_p_01.ipynb
[I 2025-09-03 23:22:49.677 ServerApp](B Starting buffering for c8e8eeb9-e63e-47f8-a4df-6f5043f90e48:5221c5a2-39b4-4608-9293-8038d78a532d
^C[I 2025-09-03 23:22:56.031 ServerApp](B interrupted
[I 2025-09-03 23:22:56.058 ServerApp](B Serving notebooks from local directory: /home/bballdave025/my_repos_dwb/fhtw-paper-code-prep
    2 active kernels
    Jupyter Server 2.17.0 is running at:
    http://localhost:8888/lab?token=473c69ecc54b65a3e6c66f57868e1c0324bcb6762163b887
        http://127.0.0.1:8888/lab?token=473c69ecc54b65a3e6c66f57868e1c0324bcb6762163b887
Shut down this Jupyter server (y/[n])? ^C[C 2025-09-03 23:22:56.111 ServerApp](B received signal 2, stopping
[I 2025-09-03 23:22:56.199 ServerApp](B Shutting down 4 extensions
[I 2025-09-03 23:22:56.207 ServerApp](B Shutting down 2 kernels
^C[C 2025-09-03 23:22:56.266 ServerApp](B received signal 2, stopping
[I 2025-09-03 23:22:56.267 ServerApp](B Kernel shutdown: 6ddc6c22-400e-481f-bb3e-8f1025953900
[I 2025-09-03 23:22:56.268 ServerApp](B Kernel shutdown: c8e8eeb9-e63e-47f8-a4df-6f5043f90e48
[I 2025-09-03 23:22:56.374 ServerApp](B Shutting down 4 extensions
[I 2025-09-03 23:22:56.379 ServerApp](B Shutting down 2 kernels
[I 2025-09-03 23:22:56.379 ServerApp](B Kernel shutdown: 6ddc6c22-400e-481f-bb3e-8f1025953900
[I 2025-09-03 23:22:56.380 ServerApp](B Kernel shutdown: c8e8eeb9-e63e-47f8-a4df-6f5043f90e48
^C[C 2025-09-03 23:22:56.390 ServerApp](B received signal 2, stopping
[I 2025-09-03 23:22:56.391 ServerApp](B Shutting down 4 extensions
[I 2025-09-03 23:22:56.392 ServerApp](B Shutting down 2 kernels
[I 2025-09-03 23:22:56.393 ServerApp](B Kernel shutdown: 6ddc6c22-400e-481f-bb3e-8f1025953900
[I 2025-09-03 23:22:56.393 ServerApp](B Kernel shutdown: c8e8eeb9-e63e-47f8-a4df-6f5043f90e48
^C[C 2025-09-03 23:22:56.511 ServerApp](B received signal 2, stopping
[I 2025-09-03 23:22:56.512 ServerApp](B Shutting down 4 extensions
[I 2025-09-03 23:22:56.512 ServerApp](B Shutting down 2 kernels
[I 2025-09-03 23:22:56.513 ServerApp](B Kernel shutdown: 6ddc6c22-400e-481f-bb3e-8f1025953900
[I 2025-09-03 23:22:56.513 ServerApp](B Kernel shutdown: c8e8eeb9-e63e-47f8-a4df-6f5043f90e48
^C[C 2025-09-03 23:22:56.623 ServerApp](B received signal 2, stopping
[I 2025-09-03 23:22:56.623 ServerApp](B Shutting down 4 extensions
[I 2025-09-03 23:22:56.624 ServerApp](B Shutting down 2 kernels
[I 2025-09-03 23:22:56.625 ServerApp](B Kernel shutdown: 6ddc6c22-400e-481f-bb3e-8f1025953900
[I 2025-09-03 23:22:56.625 ServerApp](B Kernel shutdown: c8e8eeb9-e63e-47f8-a4df-6f5043f90e48
^C[C 2025-09-03 23:22:56.767 ServerApp](B received signal 2, stopping
[I 2025-09-03 23:22:56.767 ServerApp](B Shutting down 4 extensions
[I 2025-09-03 23:22:56.768 ServerApp](B Shutting down 2 kernels
[I 2025-09-03 23:22:56.769 ServerApp](B Kernel shutdown: 6ddc6c22-400e-481f-bb3e-8f1025953900
[I 2025-09-03 23:22:56.769 ServerApp](B Kernel shutdown: c8e8eeb9-e63e-47f8-a4df-6f5043f90e48
^C[C 2025-09-03 23:22:56.911 ServerApp](B received signal 2, stopping
[I 2025-09-03 23:22:56.911 ServerApp](B Shutting down 4 extensions
[I 2025-09-03 23:22:56.912 ServerApp](B Shutting down 2 kernels
[I 2025-09-03 23:22:56.913 ServerApp](B Kernel shutdown: 6ddc6c22-400e-481f-bb3e-8f1025953900
[I 2025-09-03 23:22:56.913 ServerApp](B Kernel shutdown: c8e8eeb9-e63e-47f8-a4df-6f5043f90e48
^C[C 2025-09-03 23:22:57.935 ServerApp](B received signal 2, stopping
[I 2025-09-03 23:22:57.936 ServerApp](B Shutting down 4 extensions
[I 2025-09-03 23:22:57.937 ServerApp](B Shutting down 2 kernels
[I 2025-09-03 23:22:57.937 ServerApp](B Kernel shutdown: 6ddc6c22-400e-481f-bb3e-8f1025953900
[I 2025-09-03 23:22:57.938 ServerApp](B Kernel shutdown: c8e8eeb9-e63e-47f8-a4df-6f5043f90e48
^C[C 2025-09-03 23:22:58.064 ServerApp](B received signal 2, stopping
[I 2025-09-03 23:22:58.065 ServerApp](B Shutting down 4 extensions
[I 2025-09-03 23:22:58.066 ServerApp](B Shutting down 2 kernels
[I 2025-09-03 23:22:58.066 ServerApp](B Kernel shutdown: 6ddc6c22-400e-481f-bb3e-8f1025953900
[I 2025-09-03 23:22:58.066 ServerApp](B Kernel shutdown: c8e8eeb9-e63e-47f8-a4df-6f5043f90e48
^C[C 2025-09-03 23:22:58.207 ServerApp](B received signal 2, stopping
[I 2025-09-03 23:22:58.207 ServerApp](B Shutting down 4 extensions
[I 2025-09-03 23:22:58.209 ServerApp](B Shutting down 2 kernels
[I 2025-09-03 23:22:58.209 ServerApp](B Kernel shutdown: 6ddc6c22-400e-481f-bb3e-8f1025953900
[I 2025-09-03 23:22:58.210 ServerApp](B Kernel shutdown: c8e8eeb9-e63e-47f8-a4df-6f5043f90e48
^C[C 2025-09-03 23:22:58.303 ServerApp](B received signal 2, stopping
[I 2025-09-03 23:22:58.304 ServerApp](B Shutting down 4 extensions
[I 2025-09-03 23:22:58.305 ServerApp](B Shutting down 2 kernels
[I 2025-09-03 23:22:58.305 ServerApp](B Kernel shutdown: 6ddc6c22-400e-481f-bb3e-8f1025953900
[I 2025-09-03 23:22:58.305 ServerApp](B Kernel shutdown: c8e8eeb9-e63e-47f8-a4df-6f5043f90e48
^C[C 2025-09-03 23:22:58.432 ServerApp](B received signal 2, stopping
[I 2025-09-03 23:22:58.432 ServerApp](B Shutting down 4 extensions
[I 2025-09-03 23:22:58.434 ServerApp](B Shutting down 2 kernels
[I 2025-09-03 23:22:58.434 ServerApp](B Kernel shutdown: 6ddc6c22-400e-481f-bb3e-8f1025953900
[I 2025-09-03 23:22:58.434 ServerApp](B Kernel shutdown: c8e8eeb9-e63e-47f8-a4df-6f5043f90e48
^C[C 2025-09-03 23:22:58.544 ServerApp](B received signal 2, stopping
[I 2025-09-03 23:22:58.545 ServerApp](B Shutting down 4 extensions
[I 2025-09-03 23:22:58.546 ServerApp](B Shutting down 2 kernels
[I 2025-09-03 23:22:58.547 ServerApp](B Kernel shutdown: 6ddc6c22-400e-481f-bb3e-8f1025953900
[I 2025-09-03 23:22:58.547 ServerApp](B Kernel shutdown: c8e8eeb9-e63e-47f8-a4df-6f5043f90e48
^C[C 2025-09-03 23:22:58.672 ServerApp](B received signal 2, stopping
[I 2025-09-03 23:22:58.672 ServerApp](B Shutting down 4 extensions
[I 2025-09-03 23:22:58.673 ServerApp](B Shutting down 2 kernels
[I 2025-09-03 23:22:58.674 ServerApp](B Kernel shutdown: 6ddc6c22-400e-481f-bb3e-8f1025953900
[I 2025-09-03 23:22:58.674 ServerApp](B Kernel shutdown: c8e8eeb9-e63e-47f8-a4df-6f5043f90e48
^C[C 2025-09-03 23:22:58.783 ServerApp](B received signal 2, stopping
[I 2025-09-03 23:22:58.785 ServerApp](B Shutting down 4 extensions
[I 2025-09-03 23:22:58.786 ServerApp](B Shutting down 2 kernels
[I 2025-09-03 23:22:58.786 ServerApp](B Kernel shutdown: 6ddc6c22-400e-481f-bb3e-8f1025953900
[I 2025-09-03 23:22:58.787 ServerApp](B Kernel shutdown: c8e8eeb9-e63e-47f8-a4df-6f5043f90e48
^C[C 2025-09-03 23:22:58.917 ServerApp](B received signal 2, stopping
[I 2025-09-03 23:22:58.919 ServerApp](B Shutting down 4 extensions
[I 2025-09-03 23:22:58.919 ServerApp](B Shutting down 2 kernels
[I 2025-09-03 23:22:58.919 ServerApp](B Kernel shutdown: 6ddc6c22-400e-481f-bb3e-8f1025953900
[I 2025-09-03 23:22:58.920 ServerApp](B Kernel shutdown: c8e8eeb9-e63e-47f8-a4df-6f5043f90e48
^C[C 2025-09-03 23:22:59.028 ServerApp](B received signal 2, stopping
^C
=====``````````````````````````````````````````````````````````retval=0d00130```

[?2004h(vanilla_cnn)  <=> conda environment, blank means none activated
[cifar10-vanilla-cnn] <=> git branch, blank means not in a git repo]0;~/my_repos_dwb/fhtw-paper-code-prep
bballdave025@MY-MACHINE ~/my_repos_dwb/fhtw-paper-code-prep
$ ^C[?2004l[?2004h[?2004l
=====``````````````````````````````````````````````````````````retval=0d00130```

[?2004h(vanilla_cnn)  <=> conda environment, blank means none activated
[cifar10-vanilla-cnn] <=> git branch, blank means not in a git repo]0;~/my_repos_dwb/fhtw-paper-code-prep
bballdave025@MY-MACHINE ~/my_repos_dwb/fhtw-paper-code-prep
$ ^C[?2004l[?2004h[?2004l
=====``````````````````````````````````````````````````````````retval=0d00130```

[?2004h(vanilla_cnn)  <=> conda environment, blank means none activated
[cifar10-vanilla-cnn] <=> git branch, blank means not in a git repo]0;~/my_repos_dwb/fhtw-paper-code-prep
bballdave025@MY-MACHINE ~/my_repos_dwb/fhtw-paper-code-prep
$ conda env export --from-history > environment_vanilla_cnn.yml _completeLocal.yml
[?2004l=====``````````````````````````````````````````````````````````retval=0`````````

[?2004h(vanilla_cnn)  <=> conda environment, blank means none activated
[cifar10-vanilla-cnn] <=> git branch, blank means not in a git repo]0;~/my_repos_dwb/fhtw-paper-code-prep
bballdave025@MY-MACHINE ~/my_repos_dwb/fhtw-paper-code-prep
$ conda list --explicit > conda-linux-654.loacck
[?2004l=====``````````````````````````````````````````````````````````retval=0`````````

[?2004h(vanilla_cnn)  <=> conda environment, blank means none activated
[cifar10-vanilla-cnn] <=> git branch, blank means not in a git repo]0;~/my_repos_dwb/fhtw-paper-code-prep
bballdave025@MY-MACHINE ~/my_repos_dwb/fhtw-paper-code-prep
$ python -m pip freeze > requirements_completeLocal.txt
[?2004l=====``````````````````````````````````````````````````````````retval=0`````````

[?2004h(vanilla_cnn)  <=> conda environment, blank means none activated
[cifar10-vanilla-cnn] <=> git branch, blank means not in a git repo]0;~/my_repos_dwb/fhtw-paper-code-prep
bballdave025@MY-MACHINE ~/my_repos_dwb/fhtw-paper-code-prep
$ mv conda-linux-65=44.lock conda-linux-64.lock [1@_[1@c[1@o[1@m[1@p[1@l[1@e[1@t[1@e[1@L[1@o[1@c[1@a[1@l
[?2004l=====``````````````````````````````````````````````````````````retval=0`````````

[?2004h(vanilla_cnn)  <=> conda environment, blank means none activated
[cifar10-vanilla-cnn] <=> git branch, blank means not in a git repo]0;~/my_repos_dwb/fhtw-paper-code-prep
bballdave025@MY-MACHINE ~/my_repos_dwb/fhtw-paper-code-prep
$ python - <<'PY' > system_info.json
[?2004l[?2004h> importimport platform, sys, json
info={"python":sys.version.split()[0],"platform":platform.platform(),"uname":platform.uname()._asdict()} 
try:
import tensorflow as tf, numpy as np
info["tensorflow"]=tf.version; info["numpy"]=np.version
except: pass
print(json.dumps(info, indent=2))
PYimport platform, sys, json
info={"python":sys.version.split()[0],"platform":platform.platform(),"uname":platform.uname()._asdict()}
try:
import tensorflow as tf, numpy as np
info["tensorflow"]=tf.version; info["numpy"]=np.version
except: pass
print(json.dumps(info, indent=2))
PY
[?2004l  File "<stdin>", line 4
    import tensorflow as tf, numpy as np
    ^
IndentationError: expected an indented block after 'try' statement on line 3
=====``````````````````````````````````````````````````````````retval=0d00001```

[?2004h(vanilla_cnn)  <=> conda environment, blank means none activated
[cifar10-vanilla-cnn] <=> git branch, blank means not in a git repo]0;~/my_repos_dwb/fhtw-paper-code-prep
bballdave025@MY-MACHINE ~/my_repos_dwb/fhtw-paper-code-prep
$ python - <<'PY' > system_info.json
import platform, sys, json
info={"python":sys.version.split()[0],"platform":platform.platform(),"uname":platform.uname()._asdict()} 
try:
import tensorflow as tf, numpy as np
info["tensorflow"]=tf.version; info["numpy"]=np.version
except: pass
print(json.dumps(info, indent=2))
PY

[1@ [1@ 









python - <<'PY' > system_info.json
import platform, sys, json
info={"python":sys.version.split()[0],"platform":platform.platform(),"uname":platform.uname()._asdict()} 
try:
  import tensorflow as tf, numpy as np
info["tensorflow"]=tf.version; info["numpy"]=np.version
except: pass
print(json.dumps(info, indent=2))
PY
[1@ [1@ 




[?2004l2025-09-03 23:27:48.779015: I tensorflow/tsl/cuda/cudart_stub.cc:28] Could not find cuda drivers on your machine, GPU will not be used.
2025-09-03 23:27:48.846757: E tensorflow/compiler/xla/stream_executor/cuda/cuda_dnn.cc:9342] Unable to register cuDNN factory: Attempting to register factory for plugin cuDNN when one has already been registered
2025-09-03 23:27:48.846817: E tensorflow/compiler/xla/stream_executor/cuda/cuda_fft.cc:609] Unable to register cuFFT factory: Attempting to register factory for plugin cuFFT when one has already been registered
2025-09-03 23:27:48.846883: E tensorflow/compiler/xla/stream_executor/cuda/cuda_blas.cc:1518] Unable to register cuBLAS factory: Attempting to register factory for plugin cuBLAS when one has already been registered
2025-09-03 23:27:49.014889: I tensorflow/tsl/cuda/cudart_stub.cc:28] Could not find cuda drivers on your machine, GPU will not be used.
2025-09-03 23:27:53.818722: W tensorflow/compiler/tf2tensorrt/utils/py_utils.cc:38] TF-TRT Warning: Could not find TensorRT
Traceback (most recent call last):
  File "<stdin>", line 7, in <module>
  File "/home/bballdave025/miniforge3/envs/vanilla_cnn/lib/python3.10/json/__init__.py", line 238, in dumps
    **kw).encode(obj)
  File "/home/bballdave025/miniforge3/envs/vanilla_cnn/lib/python3.10/json/encoder.py", line 201, in encode
    chunks = list(chunks)
  File "/home/bballdave025/miniforge3/envs/vanilla_cnn/lib/python3.10/json/encoder.py", line 431, in _iterencode
    yield from _iterencode_dict(o, _current_indent_level)
  File "/home/bballdave025/miniforge3/envs/vanilla_cnn/lib/python3.10/json/encoder.py", line 405, in _iterencode_dict
    yield from chunks
  File "/home/bballdave025/miniforge3/envs/vanilla_cnn/lib/python3.10/json/encoder.py", line 438, in _iterencode
    o = _default(o)
  File "/home/bballdave025/miniforge3/envs/vanilla_cnn/lib/python3.10/json/encoder.py", line 179, in default
    raise TypeError(f'Object of type {o.__class__.__name__} '
TypeError: Object of type module is not JSON serializable
=====``````````````````````````````````````````````````````````retval=0d00001```

[?2004h(vanilla_cnn)  <=> conda environment, blank means none activated
[cifar10-vanilla-cnn] <=> git branch, blank means not in a git repo]0;~/my_repos_dwb/fhtw-paper-code-prep
bballdave025@MY-MACHINE ~/my_repos_dwb/fhtw-paper-code-prep
$ python - <<'PY' > system_info.json
import platform, sys, json
info={"python":sys.version.split()[0],"platform":platform.platform(),"uname":platform.uname()._asdict()} 
try:
  import tensorflow as tf, numpy as np
  info["tensorflow"]=tf.version; info["numpy"]=np.version
except: pass
print(json.dumps(info, indent=2))
PY










catwc -l system< system_info.js_$(ttdate.json
[?2004l0
=====``````````````````````````````````````````````````````````retval=0`````````

[?2004h(vanilla_cnn)  <=> conda environment, blank means none activated
[cifar10-vanilla-cnn] <=> git branch, blank means not in a git repo]0;~/my_repos_dwb/fhtw-paper-code-prep
bballdave025@MY-MACHINE ~/my_repos_dwb/fhtw-paper-code-prep
$ vim  test_project_bash/p_01/ntootebook_cache_fallback_for_jupyter_cell.py
[?2004l[?1049h[>4;2m[?1h=[?2004h[?1004h[?12h[?12l[?25l<notebook_cache_fallback_for_jupyter_cell.py" [New]â–½  Pzz\[0%m           [>c]10;?]11;?~                                                                               ~                                                                               ~                                                                               ~                                                                               ~                                                                               ~                                                                               ~                                                                               ~                                                                               ~                                                                               ~                                                                               ~                                                                               ~                                                                               ~                                                                               ~                                                                               ~                                                                               ~                                                                               ~                                                                               ~                                                                               ~                                                                               ~                                                                               ~                                                                               ~                                                                               0,0-1All[?25h[?4mP+q436f\P+q6b75\P+q6b64\P+q6b72\P+q6b6c\P+q2332\P+q2334\P+q2569\P+q2a37\P+q6b31\P$q q\[?12$p[?25l030/0a0a/2          ~                                                                               ~                                                                               ~                                                                               ~                                                                               ~                                                                               ~                                                                               ~                                                                               ~                                                                               ~                                                                               ~                                                                               ~                                                                               ~                                                                               ~                                                                               ~                                                                               ~                                                                               ~                                                                               ~                                                                               ~                                                                               ~                                                                               ~                                                                               ~                                                                               ~                                                                               0,0-1All<notebook_cache_fallback_for_jupyter_cell.py" [New][?25h[?25l-- INSERT --0,1Alldst = proj_cache / src.name
          (shutil.c[?25h[?25lopy2 if2,27All[?25h[?25l1[?25h[?25l~@k   [?25h[?25l~@k   [?25h[?25l~@k   [?25h[?25l~@k   [?25h[?25l~@k   [?25h[?25l~@k   [?25h[?25l~@k   [?25h[?25l~@k   [?25h[?25l~@k   [?25h[?25l~@k   [?25h[?25l~@k   [?25h[?25l~@k   [?25h[?25l2[?25h[?25l~@k   [?25h[?25l~@k   [?25h[?25l~@k   [?25h[?25l~@k   [?25h[?25l~@k   [?25h[?25l~@k   [?25h[?25l~@k   [?25h[?25l1[?25h[?25l~@k   [?25h[?25l~@k   [?25h[?25l~@k   [?25h[?25l~@k   [?25h[?25l~@k   2[?25h[?25l~@k   [?25h[?25l~@k   [?25h[?25l~@k   6[?25h[?25l~@k   5[?25h[?25l~@k   4[?25h[?25l~@k   3[?25h[?25l~@k   2[?25h[?25l~@k   1[?25h[?25l~@k   0[?25h[?25l~@k   19[?25h[?25l~@k   8[?25h[?25l~@k   7[?25h[?25l~@k   6[?25h[?25l~@k   5[?25h[?25l~@k   4[?25h[?25l~@k   3[?25h[?25l~@k   1[?25h[?25l~@k   [?25h[?25l~@k   [?25h[?25l~@k   [?25h[?25l~@k   [?25h[?25l~@k   [?25h[?25l~@k   [?25h[?25l~@k   [?25h[?25l~@k   [?25h[?25l~@k   2[?25h[?25l~@k   2[?25h[?25l~@k   [?25h[?25l~@k   1[?25h[?25l::[?25hu[?25l2 fewer lines; before #1  17 seconds ago~                                                                               0,0-1All0,0-1All[?25h[?25li -- INSERT --0,1All[?25h[?25ldst = proj_cache / src.name
          (shu[?25h[?25ltil.copy2 if2,28[?25h[?25l`9[?25h[?25l^[  2,28All[?25h[?25l::[?25hu[?25l2 fewer lines; before #2  7 seconds ago~                                                                               0,0-1All0,0-1All[?25h[?25l-- INSERT --0,1All# Notebook cache fallback (paste at very top)If your notebook[?25h[?25l couldnâ€™t see the fallback earlier, hereâ€™s the snippet again. P[?25h[?25loop this in **before** importing TensorFlow:```python# --- CIF[?25h[?25lAR-10 cache + quieter TF ---
import os, shutilfrom pathlib impo[?25h[?25limport Pathos.environ.setdefault("TF_CPP_MIN_LOG_LEVEL", "2")os.e[?25h[?25lnviron.setdefault("OMP_NUM_THREADS", "4")
os.environ.setdefault[?25h[?25l("TF_NUM_INTEROP_THREADS", "2")
os.environ.setdefault("TF_NUM_I[?25h[?25lNTRAOP_THREADS", "4")tagdir = Path(os.environ.get("TAGDIR", P[?25h[?25lath.cwd()))
if tagdir.name == "notebooks":  tagdir = tagdir.pa[?25h[?25lrent
os.environ.setdefault("KERAS_HOME", str(tagdir))  # -> $TA[?25h[?25lGDIR/datasets
proj_cache = Path(os.environ["KERAS_HOME"]) / "da[?25h[?25ltasets"
proj_cache.mkdir(parents=True, exist_ok=True)home_cac[?25h[?25lhe = Path.home() / ".keras" / "datasets"[?25h[?25l
candidates = [("cifar-10-python.tar.gz", True), ("cifar-10-batches-py", False)](paste) --[?25h[?25l
if home_cache.exists() and not any((proj_cache / name).exists() for [?25h[?25lname, _ in c@@@                                                                             if home_cache.exists() and not any((proj_cache / name).exists() for name, _ in ccandidates):
  for name, is_file in candidates:
    [?25h[?25l  src = home_cache / name[?25h[?25lif src.exists():dst = proj_cache / src.name  [?25h[?25l(shutil.copy2 if is_file else shutil.copytree)(src, dst, dirs_exist_okk=True)30,0-1Bot[?25h[?25l29,1  [?25h[?25l8[?25h[?25l~@k   7[?25h[?25l6[?25h[?25l5[?25h[?25l~@k   4[?25h[?25l3[?25h[?25l2[?25h[?25l~@k   1,0-1[?25h[?25l0,1  [?25h[?25l19[?25h[?25l~@k   8[?25h[?25l7[?25h[?25l6[?25h[?25l~@k   5[?25h[?25l14,0-188%[?25h[?25lfrom pathlib import Path@@@                                                                             13,177%[?25h[?25l~@k   import os, shutil12,175%[?25h[?25l# --- CIFAR-10 cache + quieter TF ---11,162%[?25h[?25l```python10,150%[?25h[?25l~@k   9,0-137%[?25h[?25lIf your notebook couldnâ€™t see the fallback earlier, hereâ€™s the snippet again. Poop this in **before** importing TensorFlow:@@@                                                                             8,122%[?25h[?25l7[?25h[?25l~@k   # Notebook cache fallback (paste at very top)6,112%[?25h[?25l5,1Top[?25h[?25l4,0-1[?25h[?25l~@k   3,1  [?25h[?25l2[?25h[?25l1,0-1[?25h[?25l~@k   [?25h[?25l~@k   [?25h[?25l~@k   [?25h[?25l~@k   [?25h[?25l~@k   [?25h[?25l~@k   [?25h[?25l~@k   [?25h[?25l~@k   [?25h[?25l::[?25hwq[?25l[?2004l[>4;m<p_01/notebook_cache_fallback_for_jupyter_cell.py"<back_for_jupyter_cell.py" [New] 30L, 1190B written
[?1004l[?2004l[?1l>[?1049l[?25h[>4;m=====``````````````````````````````````````````````````````````retval=0`````````

[?2004h(vanilla_cnn)  <=> conda environment, blank means none activated
[cifar10-vanilla-cnn] <=> git branch, blank means not in a git repo]0;~/my_repos_dwb/fhtw-paper-code-prep
bballdave025@MY-MACHINE ~/my_repos_dwb/fhtw-paper-code-prep
$ cd teesst_project_bash/p_01/
[?2004l=====``````````````````````````````````````````````````````````retval=0`````````

[?2004h(vanilla_cnn)  <=> conda environment, blank means none activated
[cifar10-vanilla-cnn] <=> git branch, blank means not in a git repo]0;~/my_repos_dwb/fhtw-paper-code-prep/test_project_bash/p_01
bballdave025@MY-MACHINE ~/my_repos_dwb/fhtw-paper-code-prep/test_project_bash/p_01
$ tar -tzf system_snapshot_1756964522.tar.gz | nltar -tzf system_snapshot_1756964522.tar.gz | nl
[?2004ltar (child): system_snapshot_1756964522.tar.gz: Cannot open: No such file or directory
tar (child): Error is not recoverable: exiting now
tar: Child returned status 2
tar: Error is not recoverable: exiting now
=====``````````````````````````````````````````````````````````retval=0`````````

[?2004h(vanilla_cnn)  <=> conda environment, blank means none activated
[cifar10-vanilla-cnn] <=> git branch, blank means not in a git repo]0;~/my_repos_dwb/fhtw-paper-code-prep/test_project_bash/p_01
bballdave025@MY-MACHINE ~/my_repos_dwb/fhtw-paper-code-prep/test_project_bash/p_01
$ tar -tzf system_snapshot_1756964522.tar.gz | nlcd notebooks/shopt -s nullglob
files=( *_info.txt *_list.txt *.lock uname.txt lsb_release.txt os_release.txt \
        lscpu.txt nproc.txt free_h.txt df_h_here.txt which_python.txt \
        python_version.txt jupyter_version.txt kernelspecs.txt \
        locale.txt tf_env_knobs.txt nvidia_gpus.txt )
tar -czf "system_snapshot_$(date +%s).tar.gz" "${files[@]}"
shopt -s nullglob
files=( *_info.txt *_list.txt *.lock uname.txt lsb_release.txt os_release.txt \
        lscpu.txt nproc.txt free_h.txt df_h_here.txt which_python.txt \
        python_version.txt jupyter_version.txt kernelspecs.txt \
        locale.txt tf_env_knobs.txt nvidia_gpus.txt )
tar -czf "system_snapshot_$(date +%s).tar.gz" "${files[@]}"

[?2004ltar: uname.txt: Cannot stat: No such file or directory
tar: lsb_release.txt: Cannot stat: No such file or directory
tar: os_release.txt: Cannot stat: No such file or directory
tar: lscpu.txt: Cannot stat: No such file or directory
tar: nproc.txt: Cannot stat: No such file or directory
tar: free_h.txt: Cannot stat: No such file or directory
tar: df_h_here.txt: Cannot stat: No such file or directory
tar: which_python.txt: Cannot stat: No such file or directory
tar: python_version.txt: Cannot stat: No such file or directory
tar: jupyter_version.txt: Cannot stat: No such file or directory
tar: kernelspecs.txt: Cannot stat: No such file or directory
tar: locale.txt: Cannot stat: No such file or directory
tar: tf_env_knobs.txt: Cannot stat: No such file or directory
tar: nvidia_gpus.txt: Cannot stat: No such file or directory
tar: Exiting with failure status due to previous errors
=====``````````````````````````````````````````````````````````retval=0d00002```

[?2004h(vanilla_cnn)  <=> conda environment, blank means none activated
[cifar10-vanilla-cnn] <=> git branch, blank means not in a git repo]0;~/my_repos_dwb/fhtw-paper-code-prep/test_project_bash/p_01
bballdave025@MY-MACHINE ~/my_repos_dwb/fhtw-paper-code-prep/test_project_bash/p_01
$ ls *.sh
[?2004lsystem_info_bash_fallbacks.sh
=====``````````````````````````````````````````````````````````retval=0`````````

[?2004h(vanilla_cnn)  <=> conda environment, blank means none activated
[cifar10-vanilla-cnn] <=> git branch, blank means not in a git repo]0;~/my_repos_dwb/fhtw-paper-code-prep/test_project_bash/p_01
bballdave025@MY-MACHINE ~/my_repos_dwb/fhtw-paper-code-prep/test_project_bash/p_01
$ ./bash system_info_bash_fallbacks.sh 
[?2004l=====``````````````````````````````````````````````````````````retval=0`````````

[?2004h(vanilla_cnn)  <=> conda environment, blank means none activated
[cifar10-vanilla-cnn] <=> git branch, blank means not in a git repo]0;~/my_repos_dwb/fhtw-paper-code-prep/test_project_bash/p_01
bballdave025@MY-MACHINE ~/my_repos_dwb/fhtw-paper-code-prep/test_project_bash/p_01
$ bash system_info_bash_fallbacks.sh ls *.shtar -czf "system_snapshot_$(date +%s).tar.gz" "${files[@]}"files=( *_info.txt *_list.txt *.lock uname.txt lsb_release.txt os_release.txt         lscpu.txt nproc.txt free_h.txt df_h_here.txt which_python.txt         python_version.txt jupyter_version.txt kernelspecs.txt         locale.txt tf_env_knobs.txt nvidia_gpus.txt )shopt -s nullglob



[?2004l=====``````````````````````````````````````````````````````````retval=0`````````

[?2004h(vanilla_cnn)  <=> conda environment, blank means none activated
[cifar10-vanilla-cnn] <=> git branch, blank means not in a git repo]0;~/my_repos_dwb/fhtw-paper-code-prep/test_project_bash/p_01
bballdave025@MY-MACHINE ~/my_repos_dwb/fhtw-paper-code-prep/test_project_bash/p_01
$ shopt -s nullglobbash system_info_bash_fallbacks.sh ls *.shtar -czf "system_snapshot_$(date +%s).tar.gz" "${files[@]}"files=( *_info.txt *_list.txt *.lock uname.txt lsb_release.txt os_release.txt         lscpu.txt nproc.txt free_h.txt df_h_here.txt which_python.txt         python_version.txt jupyter_version.txt kernelspecs.txt         locale.txt tf_env_knobs.txt nvidia_gpus.txt )
[?2004l=====``````````````````````````````````````````````````````````retval=0`````````

[?2004h(vanilla_cnn)  <=> conda environment, blank means none activated
[cifar10-vanilla-cnn] <=> git branch, blank means not in a git repo]0;~/my_repos_dwb/fhtw-paper-code-prep/test_project_bash/p_01
bballdave025@MY-MACHINE ~/my_repos_dwb/fhtw-paper-code-prep/test_project_bash/p_01
$ files=( *_info.txt *_list.txt *.lock uname.txt lsb_release.txt os_release.txt         lscpu.txt nproc.txt free_h.txt df_h_here.txt which_python.txt         python_version.txt jupyter_version.txt kernelspecs.txt         locale.txt tf_env_knobs.txt nvidia_gpus.txt )shopt -s nullglob


bash system_info_bash_fallbacks.sh ls *.shtar -czf "system_snapshot_$(date +%s).tar.gz" "${files[@]}"
[?2004ltar: os_release.txt: Cannot stat: No such file or directory
tar: nvidia_gpus.txt: Cannot stat: No such file or directory
tar: Exiting with failure status due to previous errors
=====``````````````````````````````````````````````````````````retval=0d00002```

[?2004h(vanilla_cnn)  <=> conda environment, blank means none activated
[cifar10-vanilla-cnn] <=> git branch, blank means not in a git repo]0;~/my_repos_dwb/fhtw-paper-code-prep/test_project_bash/p_01
bballdave025@MY-MACHINE ~/my_repos_dwb/fhtw-paper-code-prep/test_project_bash/p_01
$ cat system_ls
[?2004lconda_info.txt                               notebooks
conda-linux-64.lock                          nproc.txt
conda_list.txt                               outputs
datasets                                     python_version.txt
df_h_here.txt                                README_p_01.md
free_h.txt                                   requirements.txt
jupyter_version.txt                          scripts
kernelspecs.txt                              system_info_bash_fallbacks.sh
locale.txt                                   system_snapshot_1756964880.tar.gz
logs                                         system_snapshot_1756964940.tar.gz
lsb_release.txt                              tf_env_knobs.txt
lscpu.txt                                    uname.txt
models                                       visualizations
notebook_cache_fallback_for_jupyter_cell.py  which_python.txt
=====``````````````````````````````````````````````````````````retval=0`````````

[?2004h(vanilla_cnn)  <=> conda environment, blank means none activated
[cifar10-vanilla-cnn] <=> git branch, blank means not in a git repo]0;~/my_repos_dwb/fhtw-paper-code-prep/test_project_bash/p_01
bballdave025@MY-MACHINE ~/my_repos_dwb/fhtw-paper-code-prep/test_project_bash/p_01
$ lstar -czf "system_snapshot_$(date +%s).tar.gz" "${files[@]}"files=( *_info.txt *_list.txt *.lock uname.txt lsb_release.txt os_release.txt         lscpu.txt nproc.txt free_h.txt df_h_here.txt which_python.txt         python_version.txt jupyter_version.txt kernelspecs.txt         locale.txt tf_env_knobs.txt nvidia_gpus.txt )shopt -s nullglob


bash system_info_bash_fallbacks.sh shopt -s nullglobfiles=( *_info.txt *_list.txt *.lock uname.txt lsb_release.txt os_release.txt         lscpu.txt nproc.txt free_h.txt df_h_here.txt which_python.txt         python_version.txt jupyter_version.txt kernelspecs.txt         locale.txt tf_env_knobs.txt nvidia_gpus.txt )tar -czf "system_snapshot_$(date +%s).tar.gz" "${files[@]}"


lscat system_info_bash_fallbacks.sh 
[?2004l# Env / package managers
conda info > conda_info.txt
conda list > conda_list.txt
conda list --explicit > conda-linux-64.lock  # exact builds
command -v pip >/dev/null && pip freeze > requirements.txt

# OS + kernel
uname -a > uname.txt
( command -v lsb_release >/dev/null && lsb_release -a ) > lsb_release.txt 2>/dev/null || \
  cat /etc/os-release > os_release.txt

# CPU / memory / disk
lscpu > lscpu.txt
nproc > nproc.txt
free -h > free_h.txt
df -h . > df_h_here.txt

# Python / Jupyter
which python > which_python.txt
python -V > python_version.txt
command -v jupyter >/dev/null && jupyter --version > jupyter_version.txt
command -v jupyter >/dev/null && jupyter kernelspec list > kernelspecs.txt

# Locale (helps with encoding quirks)
locale > locale.txt

# TF / Keras relevant env knobs (if any are set)
( printenv | grep -E '^(KERAS_HOME|TF_CPP_MIN_LOG_LEVEL|OMP_NUM_THREADS|TF_NUM_(INTRA|INTER)OP_THREADS)=' ) \
  > tf_env_knobs.txt

# GPU (only if present)
command -v nvidia-smi >/dev/null && nvidia-smi -L > nvidia_gpus.txt || true
=====``````````````````````````````````````````````````````````retval=0`````````

[?2004h(vanilla_cnn)  <=> conda environment, blank means none activated
[cifar10-vanilla-cnn] <=> git branch, blank means not in a git repo]0;~/my_repos_dwb/fhtw-paper-code-prep/test_project_bash/p_01
bballdave025@MY-MACHINE ~/my_repos_dwb/fhtw-paper-code-prep/test_project_bash/p_01
$ # Rebuild the list, filtering to existing files only# Rebuild the list, filtering to existing files only
[?2004l=====``````````````````````````````````````````````````````````retval=0`````````

[?2004h(vanilla_cnn)  <=> conda environment, blank means none activated
[cifar10-vanilla-cnn] <=> git branch, blank means not in a git repo]0;~/my_repos_dwb/fhtw-paper-code-prep/test_project_bash/p_01
bballdave025@MY-MACHINE ~/my_repos_dwb/fhtw-paper-code-prep/test_project_bash/p_01
$ candidates=( *_info.txt *_list.txt *.lock uname.txt lsb_release.txt os_release.txt \ 
             lscpu.txt nproc.txt free_h.txt df_h_here.txt which_python.txt \
             python_version.txt jupyter_version.txt kernelspecs.txt \
             locale.txt tf_env_knobs.txt nvidia_gpus.txt )candidates=( *_info.txt *_list.txt *.lock uname.txt lsb_release.txt os_release.txt \
             lscpu.txt nproc.txt free_h.txt df_h_here.txt which_python.txt \
             python_version.txt jupyter_version.txt kernelspecs.txt \
             locale.txt tf_env_knobs.txt nvidia_gpus.txt )
[?2004l=====``````````````````````````````````````````````````````````retval=0`````````

[?2004h(vanilla_cnn)  <=> conda environment, blank means none activated
[cifar10-vanilla-cnn] <=> git branch, blank means not in a git repo]0;~/my_repos_dwb/fhtw-paper-code-prep/test_project_bash/p_01
bballdave025@MY-MACHINE ~/my_repos_dwb/fhtw-paper-code-prep/test_project_bash/p_01
$ files=()files=()
[?2004l=====``````````````````````````````````````````````````````````retval=0`````````

[?2004h(vanilla_cnn)  <=> conda environment, blank means none activated
[cifar10-vanilla-cnn] <=> git branch, blank means not in a git repo]0;~/my_repos_dwb/fhtw-paper-code-prep/test_project_bash/p_01
bballdave025@MY-MACHINE ~/my_repos_dwb/fhtw-paper-code-prep/test_project_bash/p_01
$ for f in "${candidates[@]}"; dofor f in "${candidates[@]}"; do
[?2004l[?2004h>   [[ -e "$f" ]] && files+=("$f")  [[ -e "$f" ]] && files+=("$f")
[?2004l[?2004h> done
[?2004l=====``````````````````````````````````````````````````````````retval=0d00001```

[?2004h(vanilla_cnn)  <=> conda environment, blank means none activated
[cifar10-vanilla-cnn] <=> git branch, blank means not in a git repo]0;~/my_repos_dwb/fhtw-paper-code-prep/test_project_bash/p_01
bballdave025@MY-MACHINE ~/my_repos_dwb/fhtw-paper-code-prep/test_project_bash/p_01
$ snap="system_snapshot_$(date +%s).tar.gz"snap="system_snapshot_$(date +%s).tar.gz"
[?2004l=====``````````````````````````````````````````````````````````retval=0`````````

[?2004h(vanilla_cnn)  <=> conda environment, blank means none activated
[cifar10-vanilla-cnn] <=> git branch, blank means not in a git repo]0;~/my_repos_dwb/fhtw-paper-code-prep/test_project_bash/p_01
bballdave025@MY-MACHINE ~/my_repos_dwb/fhtw-paper-code-prep/test_project_bash/p_01
$ tar -czf "$snap" "${files[@]}"tar -czf "$snap" "${files[@]}"
[?2004l=====``````````````````````````````````````````````````````````retval=0`````````

[?2004h(vanilla_cnn)  <=> conda environment, blank means none activated
[cifar10-vanilla-cnn] <=> git branch, blank means not in a git repo]0;~/my_repos_dwb/fhtw-paper-code-prep/test_project_bash/p_01
bballdave025@MY-MACHINE ~/my_repos_dwb/fhtw-paper-code-prep/test_project_bash/p_01
$ echo "Wrote $snap with ${#files[@]} entries"echo "Wrote $snap with ${#files[@]} entries"
[?2004lWrote system_snapshot_1756965227.tar.gz with 15 entries
=====``````````````````````````````````````````````````````````retval=0`````````

[?2004h(vanilla_cnn)  <=> conda environment, blank means none activated
[cifar10-vanilla-cnn] <=> git branch, blank means not in a git repo]0;~/my_repos_dwb/fhtw-paper-code-prep/test_project_bash/p_01
bballdave025@MY-MACHINE ~/my_repos_dwb/fhtw-paper-code-prep/test_project_bash/p_01
$ tar -tzf "$snap" | nltar -tzf "$snap" | nl
[?2004l     1	conda_info.txt
     2	conda_list.txt
     3	conda-linux-64.lock
     4	uname.txt
     5	lsb_release.txt
     6	lscpu.txt
     7	nproc.txt
     8	free_h.txt
     9	df_h_here.txt
    10	which_python.txt
    11	python_version.txt
    12	jupyter_version.txt
    13	kernelspecs.txt
    14	locale.txt
    15	tf_env_knobs.txt
=====``````````````````````````````````````````````````````````retval=0`````````

[?2004h(vanilla_cnn)  <=> conda environment, blank means none activated
[cifar10-vanilla-cnn] <=> git branch, blank means not in a git repo]0;~/my_repos_dwb/fhtw-paper-code-prep/test_project_bash/p_01
bballdave025@MY-MACHINE ~/my_repos_dwb/fhtw-paper-code-prep/test_project_bash/p_01
$ exit
[?2004lexit

Script done on 2025-09-03 23:58:32-06:00 [COMMAND_EXIT_CODE="0"]
