
bballdave025@MY-MACHINE ~
$ checksituation

 Current date/time is
Sat Jul 19 11:15:58 MDT 2025
1752945358
1752945358_2025-07-19T111558-0600

 Current directory ( pwd ) is
/home/bballdave025


bballdave025@MY-MACHINE ~
$ cd 'C:\David\FHTW-2025-All_-_move_2024_get_new\FS_watermarks'

bballdave025@MY-MACHINE /cygdrive/c/David/FHTW-2025-All_-_move_2024_get_new/FS_watermarks
$ checksituation

 Current date/time is
Sat Jul 19 11:16:15 MDT 2025
1752945375
1752945375_2025-07-19T111615-0600

 Current directory ( pwd ) is
/cygdrive/c/David/FHTW-2025-All_-_move_2024_get_new/FS_watermarks


bballdave025@MY-MACHINE /cygdrive/c/David/FHTW-2025-All_-_move_2024_get_new/FS_watermarks
$ cat >/dev/null <<'EOF'

###############################################
##################           ##################
#####                                     #####
#           STEPS FOR GRAYSCALE (FROM         #
#            FAMILYSEARCH THIS TIME)          #
#####                                     #####
##################           ##################
###############################################

EOF

bballdave025@MY-MACHINE /cygdrive/c/David/FHTW-2025-All_-_move_2024_get_new/FS_watermarks
$ #  OR

bballdave025@MY-MACHINE /cygdrive/c/David/FHTW-2025-All_-_move_2024_get_new/FS_watermarks
$ cat >/dev/null <<'EOF'

###############################################
##################           ##################
#####                                     #####
#             STEPS FOR GRAYSCALE             #
#####                                     #####
##################           ##################
###############################################

EOF

bballdave025@MY-MACHINE /cygdrive/c/David/FHTW-2025-All_-_move_2024_get_new/FS_watermarks
$ #  Start by looking at the file formats

bballdave025@MY-MACHINE /cygdrive/c/David/FHTW-2025-All_-_move_2024_get_new/FS_watermarks
$ find . -type f | wc -l
16

bballdave025@MY-MACHINE /cygdrive/c/David/FHTW-2025-All_-_move_2024_get_new/FS_watermarks
$ find . -type f -iname "*.jpg" | wc -l
16

bballdave025@MY-MACHINE /cygdrive/c/David/FHTW-2025-All_-_move_2024_get_new/FS_watermarks
$ #  There's one that's an iac for the stubby bindings - with no reuse

bballdave025@MY-MACHINE /cygdrive/c/David/FHTW-2025-All_-_move_2024_get_new/FS_watermarks
$ type ttdate
ttdate is aliased to `date +'%s_%Y-%m-%dT%H%M%S%z''

bballdave025@MY-MACHINE /cygdrive/c/David/FHTW-2025-All_-_move_2024_get_new/FS_watermarks
$ type ttdatechk
ttdatechk is aliased to `      echo -e "$(ttdate)\nExitedNormally"             
                            || echo -e "$(ttdate)\nExitedNonZero"              
; ttdate; echo "  (this may be a BONUS timestamp)";                            
#  '; ttdate' -> Make sure we get the timestamp even if something              
#+ weird makes us bypass the && and || after the                               
#+ command we are checking, something like                                     
#+   some_error_command && run_main_checked_thing && ttdatechk                 
#+ (though that doesn't make it bypass                                         
#+ the short-circuit &&, ||)                                                   
#+ Note I don't care about a double                                            
#+ timestamp, as long as I get at least one.                                   
#                                                                              
#+ To see how it works, use the commands,                                      
#+ % awk 2>/dev/null && whoami && ttdatecheck  # no whoami output              
#+ % echo "Will you see who you are?" && whoami && ttdatechk                   
#                                                                              
#  Comments formatted for `type ttdatechk` with                                
#+ an 80-character-width terminal                                              
#+ Trailing single quote matches the backtick after "aliased to "'

bballdave025@MY-MACHINE /cygdrive/c/David/FHTW-2025-All_-_move_2024_get_new/FS_watermarks
$ #
#  I need the  &&  before; I should also change the 'ttdatecheck' to
#+ 'ttdatechk' in the comments, but that can be done later (or maybe not)
#
#+ It's been done, sometime before 1753030138_2025-07-20T104858-0600

bballdave025@MY-MACHINE /cygdrive/c/David/FHTW-2025-All_-_move_2024_get_new/FS_watermarks
$ ttdate && \
 time \
    identify -format "
      \n\n%f\n%[magick] %[colorspace] %[type] \
              %[extension] %[bit-depth] %[channels]\n" \
          *.jpg | tr -s ' ' \
        > fs_watermarks_and_1_stubby_cover_formats_pre_$(ttdate).out \
    && ttdatechk
1752945953_2025-07-19T112553-0600

real    0m9.061s
user    0m4.405s
sys     0m2.795s

bballdave025@MY-MACHINE /cygdrive/c/David/FHTW-2025-All_-_move_2024_get_new/FS_watermarks
$ #
#  Changed that last one to add the last line with  ttdatechk
#+ nice to have the right command here, even if I didn't user
#+ it the first time ; )

bballdave025@MY-MACHINE /cygdrive/c/David/FHTW-2025-All_-_move_2024_get_new/FS_watermarks
$ grep JPEG fs_watermarks_and_1_stubby_cover_formats_1752945953_2025-07-19T112553-0600.out | wc -l
16

bballdave025@MY-MACHINE /cygdrive/c/David/FHTW-2025-All_-_move_2024_get_new/FS_watermarks
$ grep JPEG fs_watermarks_and_1_stubby_cover_formats_1752945953_2025-07-19T112553-0600.out | sort | uniq -c | wc -l
1

bballdave025@MY-MACHINE /cygdrive/c/David/FHTW-2025-All_-_move_2024_get_new/FS_watermarks
$ grep JPEG fs_watermarks_and_1_stubby_cover_formats_1752945953_2025-07-19T112553-0600.out | sort | uniq -c
     16 JPEG Gray Grayscale jpg 8 gray

bballdave025@MY-MACHINE /cygdrive/c/David/FHTW-2025-All_-_move_2024_get_new/FS_watermarks
$ #
#  Perfect. Now to my GitHub for the manuscript-waste-reuse-finder README
#+ (which was my first project for the reuse stuff)
#+ https://github.com/bballdave025/manuscript-waste-reuse-finder

bballdave025@MY-MACHINE /cygdrive/c/David/FHTW-2025-All_-_move_2024_get_new/FS_watermarks
$

bballdave025@MY-MACHINE /cygdrive/c/David/FHTW-2025-All_-_move_2024_get_new/FS_watermarks
$ #
#  I'm going to upload an image of the Windows File Explorer window where
#+ I've right-clicked next to the details columns (e.g. 'Name',
#+ 'Date Modified', 'Type', 'Size', ...), selected 'More', and both found
#+ and checkmarked 'Bit depth'
#+ This pre-conversion version can be found at
#+ url="https://raw.githubusercontent.com/bballdave025/"\
#+"fhtw-paper-code-prep/refs/heads/main/img/"\
#+"WinFileExplorer_bitdepth_bw_pre.png"

bballdave025@MY-MACHINE /cygdrive/c/David/FHTW-2025-All_-_move_2024_get_new/FS_watermarks
$ cat >/dev/null <<'EOF'

To see the whole URL (and then copy it and paste it into a browser,
if you want to see the image), use the following for your terminal

pre_conv_url="https://raw.githubusercontent.com/bballdave025/"\
"fhtw-paper-code-prep/refs/heads/main/img/"\
"WinFileExplorer_bitdepth_bw_pre.png"

echo "${pre_conv_url}"  # copy/paste the output into your browser

EOF

bballdave025@MY-MACHINE /cygdrive/c/David/FHTW-2025-All_-_move_2024_get_new/FS_watermarks
$ #
#  See Appendix 1 for details of how to view the image, either
#+ from or in your terminal

bballdave025@MY-MACHINE /cygdrive/c/David/FHTW-2025-All_-_move_2024_get_new/FS_watermarks
$ #  Changes to ~/.bballdave025_bash_aliases

bballdave025@MY-MACHINE /cygdrive/c/David/FHTW-2025-All_-_move_2024_get_new/FS_watermarks
$ source ~/.bballdave025_bash_aliases

bballdave025@MY-MACHINE /cygdrive/c/David/FHTW-2025-All_-_move_2024_get_new/FS_watermarks
$ type ttdate
ttdate is aliased to `date +'%s_%Y-%m-%dT%H%M%S%z''

bballdave025@MY-MACHINE /cygdrive/c/David/FHTW-2025-All_-_move_2024_get_new/FS_watermarks
$ type ttdatechk
ttdatechk is aliased to `      echo -e "$(ttdate)\nExitedNormally"             
                            || echo -e "$(ttdate)\nExitedNonZero"              
; ttdate; echo "  (this may be a BONUS timestamp)";                            
#  '; ttdate' -> Make sure we get the timestamp even if something              
#+ weird makes us bypass the && and || after the                               
#+ command we are checking, something like                                     
#+   some_error_command && run_main_checked_thing && ttdatechk                 
#+ (though that doesn't make it bypass                                         
#+ the short-circuit &&, ||)                                                   
#+ Note I don't care about a double                                            
#+ timestamp, as long as I get at least one.                                   
#                                                                              
#+ To see how it works, use the commands,                                      
#+ % awk 2>/dev/null && whoami && ttdatechk  # no whoami output                
#+ % echo "Will you see who you are?" && whoami && ttdatechk                   
#                                                                              
#  Comments formatted for `type ttdatechk` with                                
#+ an 80-character-width terminal                                              
#+ Trailing single quote matches the backtick after "aliased to "'

bballdave025@MY-MACHINE /cygdrive/c/David/FHTW-2025-All_-_move_2024_get_new/FS_watermarks
$

bballdave025@MY-MACHINE /cygdrive/c/David/FHTW-2025-All_-_move_2024_get_new/FS_watermarks
$ cat >/dev/null <<'EOF'
>
> From the repo's README.md file, the command is given as
>
>     mogrify -colorspace srgb -type truecolor *.jpg
>
> EOF

bballdave025@MY-MACHINE /cygdrive/c/David/FHTW-2025-All_-_move_2024_get_new/FS_watermarks
$

bballdave025@MY-MACHINE /cygdrive/c/David/FHTW-2025-All_-_move_2024_get_new/FS_watermarks
$ #  I'm going to remember to back up the original, 1-channel JPEGs

bballdave025@MY-MACHINE /cygdrive/c/David/FHTW-2025-All_-_move_2024_get_new/FS_watermarks
$ mkdir -p ../new_-_folder_for_not-yet-ready_new_imgs/jpeg_bak_from_orig_1_channel_grayscale/

bballdave025@MY-MACHINE /cygdrive/c/David/FHTW-2025-All_-_move_2024_get_new/FS_watermarks
$ cp *.jpg ../new_-_folder_for_not-yet-ready_new_imgs/jpeg_bak_from_orig_1_channel_grayscale/

bballdave025@MY-MACHINE /cygdrive/c/David/FHTW-2025-All_-_move_2024_get_new/FS_watermarks
$ #
#  I might need to rename those, so I know when I'm finding the 24-bit JPEGs
#+ That's a TINN thing.

bballdave025@MY-MACHINE /cygdrive/c/David/FHTW-2025-All_-_move_2024_get_new/FS_watermarks
$

bballdave025@MY-MACHINE /cygdrive/c/David/FHTW-2025-All_-_move_2024_get_new/FS_watermarks
$ cat >/dev/null <<'EOF'
>
> TIME FOR THE CONVERSION
>
> EOF

bballdave025@MY-MACHINE /cygdrive/c/David/FHTW-2025-All_-_move_2024_get_new/FS_watermarks
$ ttdate && time mogrify -colorspace srgb -type truecolor *.jpg && ttdatechk
1752948668_2025-07-19T121108-0600

real    0m11.026s
user    0m15.078s
sys     0m6.468s
1752948679_2025-07-19T121119-0600
ExitedNormally
1752948679_2025-07-19T121119-0600
  (this may be a BONUS timestamp)

bballdave025@MY-MACHINE /cygdrive/c/David/FHTW-2025-All_-_move_2024_get_new/FS_watermarks
$ mv fs_watermarks_and_1_stubby_cover_formats_1752945953_2025-07-19T112553-0600.out fs_watermarks_and_1_stubby_cover_formats_pre_1752945953_2025-07-19T112553-0600.out

bballdave025@MY-MACHINE /cygdrive/c/David/FHTW-2025-All_-_move_2024_get_new/FS_watermarks
$ ttdate && \
 time \
    identify -format "
      \n\n%f\n%[magick] %[colorspace] %[type] \
              %[extension] %[bit-depth] %[channels]\n" \
          *.jpg | tr -s ' ' \
        > fs_watermarks_and_1_stubby_cover_formats_post_$(ttdate).out \
    && ttdatechk
1752949014_2025-07-19T121654-0600

real    0m5.977s
user    0m13.156s
sys     0m1.718s
1752949020_2025-07-19T121700-0600
ExitedNormally
1752949020_2025-07-19T121700-0600
  (this may be a BONUS timestamp)

bballdave025@MY-MACHINE /cygdrive/c/David/FHTW-2025-All_-_move_2024_get_new/FS_watermarks
$















$ #
#########################################################
##########################      #########################
#                       APPENDIX 1                      #
##########################      #########################

bballdave025@MY-MACHINE /cygdrive/c/David/FHTW-2025-All_-_move_2024_get_new/FS_watermarks
$ cat >/dev/null <<'EOF'

Remember that we used:

pre_conv_url="https://raw.githubusercontent.com/bballdave025/"\
"fhtw-paper-code-prep/refs/heads/main/img/"\
"WinFileExplorer_bitdepth_bw_pre.png"

echo "${pre_conv_url}"

HOW TO SEE IT WITHOUT COPY/PASTING INTO YOUR BROWSER

#  First, download the image

wget -O - "${pre_conv_url}" > seeofit.jpg


#  If your X is set up, you can use

sudo dnf install feh
sudo yum install feh
sudo apt-get install feh
brew install feh || sudo brew install feh
choco install feh
apt-cyg install feh
/path/to/cygin/install/exe/setup-x86_64 -q -P feh
#  or whatever command goes w/ your package manager to install, 'feh'

#  THEN

feh seeofit.jpg &

#  Yay!

EOF

bballdave025@MY-MACHINE /cygdrive/c/David/FHTW-2025-All_-_move_2024_get_new/FS_watermarks
$ cat >/dev/null <<'EOF'

This seems a good time to share one of my favorite xkcd comics,
"1654: Universal Install Script"
https://xkcd.com/1654/
  OR, IF YOU AREN'T SO EXPERIENCED WITH LINUX
https://www.explainxkcd.com/wiki/index.php/1654:_Universal_Install_Script

Let's see Randall's `install.sh`

(NOTE: 
  There are possible script insertion attack vulnerabilities, 
  so it's not a super-great idea to try this with any random program's
  name. Still, it kind of gives an idea of what I'm explaining above.
  I know as of now that `feh` is the name used for the install I'm 
  doing. Do a search for "typosquatting -url -domain" or for
  "typosquatting python" or cf. 
  security_url="https://discuss.python.org/t/"\
  "typosquatting-dependency-confusion-supply-"\
  "chain-attack-call-it-as-you-wish/52615"
  [for the archived version, prepend the following without a space,
  https://web.archive.org/web/20250720173044/ ]
)
EOF

bballdave025@MY-MACHINE /cygdrive/c/David/FHTW-2025-All_-_move_2024_get_new/FS_watermarks
$ cat >/dev/null <<'EOF'

prompt$ cat install.sh
#!/bin/bash

pip install "$1" &
easy_install "$1" &
brew install "$1" &
npm install "$1" &
yum install "$1" & dnf install "$1" &
docker run "$1" &
pkg install "$1" &
apt-get install "$1" &
sudo apt-get install "$1" &
steamcmd +app_update "$1" validate &
git clone https://github.com/"$1"/"$1" &
cd "$1"; ./configure; make; make install &
curl "$1" | bash &

prompt$

EOF

bballdave025@MY-MACHINE /cygdrive/c/David/FHTW-2025-All_-_move_2024_get_new/FS_watermarks
$ cat >/dev/null <<'EOF'

If you want to see a decent rendering of the file in the terminal,
try using  chafa  or  jp2a  or  ascii-image-converter  or
  img2text from libcaca

Note that using a full-screen terminal might give you better image
quality, but it's not certain to do so.
To be able to read the '8' under the 'Bit depth' unambiguously

I'll give examples for 
1) chafa , which will work for  jp2a  and  ascii-image-converter
if you substitute the new name for 'chafa'; AND
2) img2text , which has slightly different install/use steps

you can try whichever of the following install scripts matches
your shell/OS

EOF

bballdave025@MY-MACHINE /cygdrive/c/David/FHTW-2025-All_-_move_2024_get_new/FS_watermarks
$ cat >/dev/null <<'EOF'

  Possible commands for Install
sudo dnf install chafa
sudo yum install chafa
sudo apt-get install chafa
brew install chara || sudo brew install chafa
choco install chafa
apt-cyg install chafa
/path/to/cygin/install/exe/setup-x86_64 -q -P chafa
#  or whatever command goes w/ your package manager to install, 'chafa'

  THEN

chafa seeofit.jpg

EOF

bballdave025@MY-MACHINE /cygdrive/c/David/FHTW-2025-All_-_move_2024_get_new/FS_watermarks
$ cat >/dev/null <<'EOF'

  Possible commands for Install
sudo dnf install caca-utils
sudo yum install caca-utils
sudo apt-get install caca-utils
brew install caca-utils || sudo brew install caca-utils
choco install caca-utils
apt-cyg install caca-utils
/path/to/cygin/install/exe/setup-x86_64 -q -P caca-utils
#  or whatever command goes w/ your package manager to install

  THEN

img2txt seeofit.jpg

EOF

bballdave025@MY-MACHINE /cygdrive/c/David/FHTW-2025-All_-_move_2024_get_new/FS_watermarks
$ cat >/dev/null <<'EOF'

AND, UNLESS THIS IMAGE BECOMES REALLY IMPORTANT TO YOU,
REMEMBER TO DELETE IT

rm seeofit.jpg

EOF

bballdave025@MY-MACHINE /cygdrive/c/David/FHTW-2025-All_-_move_2024_get_new/FS_watermarks
$




